{"exp_name": "nopaxos-qt-ib-ehseq-1", "metadata": {}, "start_time": 1655008430.177905, "end_time": 1655010419.7963433, "sims": {"nic.replica.0.": {"class": "I40eNIC", "cmd": ["/home/lijl/repos/simbricks/sims/nic//i40e_bm/i40e_bm", "/home/lijl/repos/simbricks/experiments/out/nopaxos-qt-ib-ehseq-1/1/dev.pci.replica.0.", "/home/lijl/repos/simbricks/experiments/out/nopaxos-qt-ib-ehseq-1/1/nic.eth.replica.0.", "/home/lijl/repos/simbricks/experiments/out/nopaxos-qt-ib-ehseq-1/1/dev.shm.replica.0.", "0", "0", "200", "500", "500"], "stdout": [], "stderr": ["mac_addr=5a4bdbf09930", "sync_pci=1 sync_eth=1", "exit main_time: 8099357879000", "      h2d_poll_total:            18604739734         h2d_poll_suc:               40934617  poll_suc_rate: 0.002200", "                                                    h2d_poll_sync:               40425549  sync_rate: 0.987564", "      n2d_poll_total:            18604739734         n2d_poll_suc:               16227851  poll_suc_rate: 0.000872", "                                                    n2d_poll_sync:               16187219  sync_rate: 0.997496", "          recv_total:               57162468            recv_sync:               56612768  sync_rate: 0.990384", "    s_h2d_poll_total:                      0       s_h2d_poll_suc:                      0  poll_suc_rate: -nan", "                                                  s_h2d_poll_sync:                      0  sync_rate: -nan", "    s_n2d_poll_total:                      0       s_n2d_poll_suc:                      0  poll_suc_rate: -nan", "                                                  s_n2d_poll_sync:                      0  sync_rate: -nan", "        s_recv_total:                      0          s_recv_sync:                      0  sync_rate: -nan"]}, "nic.client.0.": {"class": "I40eNIC", "cmd": ["/home/lijl/repos/simbricks/sims/nic//i40e_bm/i40e_bm", "/home/lijl/repos/simbricks/experiments/out/nopaxos-qt-ib-ehseq-1/1/dev.pci.client.0.", "/home/lijl/repos/simbricks/experiments/out/nopaxos-qt-ib-ehseq-1/1/nic.eth.client.0.", "/home/lijl/repos/simbricks/experiments/out/nopaxos-qt-ib-ehseq-1/1/dev.shm.client.0.", "0", "0", "200", "500", "500"], "stdout": [], "stderr": ["mac_addr=76c7ada9593c", "sync_pci=1 sync_eth=1", "exit main_time: 8099357428000", "      h2d_poll_total:            18757191129         h2d_poll_suc:               41089215  poll_suc_rate: 0.002191", "                                                    h2d_poll_sync:               40333082  sync_rate: 0.981598", "      n2d_poll_total:            18757191129         n2d_poll_suc:               16237872  poll_suc_rate: 0.000866", "                                                    n2d_poll_sync:               16116011  sync_rate: 0.992495", "          recv_total:               57327087            recv_sync:               56449093  sync_rate: 0.984684", "    s_h2d_poll_total:                      0       s_h2d_poll_suc:                      0  poll_suc_rate: -nan", "                                                  s_h2d_poll_sync:                      0  sync_rate: -nan", "    s_n2d_poll_total:                      0       s_n2d_poll_suc:                      0  poll_suc_rate: -nan", "                                                  s_n2d_poll_sync:                      0  sync_rate: -nan", "        s_recv_total:                      0          s_recv_sync:                      0  sync_rate: -nan"]}, "nic.replica.1.": {"class": "I40eNIC", "cmd": ["/home/lijl/repos/simbricks/sims/nic//i40e_bm/i40e_bm", "/home/lijl/repos/simbricks/experiments/out/nopaxos-qt-ib-ehseq-1/1/dev.pci.replica.1.", "/home/lijl/repos/simbricks/experiments/out/nopaxos-qt-ib-ehseq-1/1/nic.eth.replica.1.", "/home/lijl/repos/simbricks/experiments/out/nopaxos-qt-ib-ehseq-1/1/dev.shm.replica.1.", "0", "0", "200", "500", "500"], "stdout": [], "stderr": ["mac_addr=67a1e1f25d20", "sync_pci=1 sync_eth=1", "exit main_time: 8099358038000", "      h2d_poll_total:            19079449753         h2d_poll_suc:               40934337  poll_suc_rate: 0.002145", "                                                    h2d_poll_sync:               40425341  sync_rate: 0.987566", "      n2d_poll_total:            19079449753         n2d_poll_suc:               16227203  poll_suc_rate: 0.000851", "                                                    n2d_poll_sync:               16186567  sync_rate: 0.997496", "          recv_total:               57161540            recv_sync:               56611908  sync_rate: 0.990385", "    s_h2d_poll_total:                      0       s_h2d_poll_suc:                      0  poll_suc_rate: -nan", "                                                  s_h2d_poll_sync:                      0  sync_rate: -nan", "    s_n2d_poll_total:                      0       s_n2d_poll_suc:                      0  poll_suc_rate: -nan", "                                                  s_n2d_poll_sync:                      0  sync_rate: -nan", "        s_recv_total:                      0          s_recv_sync:                      0  sync_rate: -nan"]}, "nic.sequencer.0.": {"class": "I40eNIC", "cmd": ["/home/lijl/repos/simbricks/sims/nic//i40e_bm/i40e_bm", "/home/lijl/repos/simbricks/experiments/out/nopaxos-qt-ib-ehseq-1/1/dev.pci.sequencer.0.", "/home/lijl/repos/simbricks/experiments/out/nopaxos-qt-ib-ehseq-1/1/nic.eth.sequencer.0.", "/home/lijl/repos/simbricks/experiments/out/nopaxos-qt-ib-ehseq-1/1/dev.shm.sequencer.0.", "0", "0", "200", "500", "500"], "stdout": [], "stderr": ["mac_addr=24a2479a6a68", "sync_pci=1 sync_eth=1", "exit main_time: 8099357911000", "      h2d_poll_total:            18765204288         h2d_poll_suc:               41092484  poll_suc_rate: 0.002190", "                                                    h2d_poll_sync:               40177408  sync_rate: 0.977731", "      n2d_poll_total:            18765204288         n2d_poll_suc:               16228504  poll_suc_rate: 0.000865", "                                                    n2d_poll_sync:               16187879  sync_rate: 0.997497", "          recv_total:               57320988            recv_sync:               56365287  sync_rate: 0.983327", "    s_h2d_poll_total:                      0       s_h2d_poll_suc:                      0  poll_suc_rate: -nan", "                                                  s_h2d_poll_sync:                      0  sync_rate: -nan", "    s_n2d_poll_total:                      0       s_n2d_poll_suc:                      0  poll_suc_rate: -nan", "                                                  s_n2d_poll_sync:                      0  sync_rate: -nan", "        s_recv_total:                      0          s_recv_sync:                      0  sync_rate: -nan"]}, "nic.replica.2.": {"class": "I40eNIC", "cmd": ["/home/lijl/repos/simbricks/sims/nic//i40e_bm/i40e_bm", "/home/lijl/repos/simbricks/experiments/out/nopaxos-qt-ib-ehseq-1/1/dev.pci.replica.2.", "/home/lijl/repos/simbricks/experiments/out/nopaxos-qt-ib-ehseq-1/1/nic.eth.replica.2.", "/home/lijl/repos/simbricks/experiments/out/nopaxos-qt-ib-ehseq-1/1/dev.shm.replica.2.", "0", "0", "200", "500", "500"], "stdout": [], "stderr": ["mac_addr=966069724660", "sync_pci=1 sync_eth=1", "exit main_time: 8099358308000", "      h2d_poll_total:            19115264930         h2d_poll_suc:               40934971  poll_suc_rate: 0.002141", "                                                    h2d_poll_sync:               40425982  sync_rate: 0.987566", "      n2d_poll_total:            19115264930         n2d_poll_suc:               16226840  poll_suc_rate: 0.000849", "                                                    n2d_poll_sync:               16186205  sync_rate: 0.997496", "          recv_total:               57161811            recv_sync:               56612187  sync_rate: 0.990385", "    s_h2d_poll_total:                      0       s_h2d_poll_suc:                      0  poll_suc_rate: -nan", "                                                  s_h2d_poll_sync:                      0  sync_rate: -nan", "    s_n2d_poll_total:                      0       s_n2d_poll_suc:                      0  poll_suc_rate: -nan", "                                                  s_n2d_poll_sync:                      0  sync_rate: -nan", "        s_recv_total:                      0          s_recv_sync:                      0  sync_rate: -nan"]}, "net.": {"class": "NS3SequencerNet", "cmd": ["/home/lijl/repos/simbricks/sims/external/ns-3/cosim-run.sh", "sequencer", "sequencer-single-switch-example", "--ServerPort=/home/lijl/repos/simbricks/experiments/out/nopaxos-qt-ib-ehseq-1/1/nic.eth.sequencer.0.", "--ServerPort=/home/lijl/repos/simbricks/experiments/out/nopaxos-qt-ib-ehseq-1/1/nic.eth.replica.0.", "--ServerPort=/home/lijl/repos/simbricks/experiments/out/nopaxos-qt-ib-ehseq-1/1/nic.eth.replica.1.", "--ServerPort=/home/lijl/repos/simbricks/experiments/out/nopaxos-qt-ib-ehseq-1/1/nic.eth.replica.2.", "--ClientPort=/home/lijl/repos/simbricks/experiments/out/nopaxos-qt-ib-ehseq-1/1/nic.eth.client.0.", "--LinkRate=100Gb/s", "--LinkLatency=500ns"], "stdout": [], "stderr": ["Create client and server nodes, and optionally endhost sequencer nodes", "Create switch node", "Create simple channels", "Create Switch", "Create Cosims and Bridges"]}, "host.replica.0": {"class": "QemuHost", "cmd": ["/home/lijl/repos/simbricks/sims/external/qemu/build/x86_64-softmmu/qemu-system-x86_64", "-machine", "q35", "-serial", "mon:stdio", "-cpu", "Skylake-Server", "-display", "none", "-nic", "none", "-kernel", "/home/lijl/repos/simbricks/images/bzImage", "-drive", "file=/home/lijl/repos/simbricks/experiments/out/nopaxos-qt-ib-ehseq-1/1/hdcopy.replica.0,if=ide,index=0,media=disk", "-drive", "file=/home/lijl/repos/simbricks/experiments/out/nopaxos-qt-ib-ehseq-1/1/cfg.replica.0.tar,if=ide,index=1,media=disk,driver=raw", "-append", "earlyprintk=ttyS0 console=ttyS0 root=/dev/sda1 init=/home/ubuntu/guestinit.sh rw", "-m", "8192", "-smp", "1", "-icount", "shift=-2,sleep=off", "-device", "simbricks-pci,socket=/home/lijl/repos/simbricks/experiments/out/nopaxos-qt-ib-ehseq-1/1/dev.pci.replica.0.,sync=on,pci-latency=500,sync-period=200"], "stdout": ["early console in extract_kernel\r", "input_data: 0x00000000021082c8\r", "input_len: 0x00000000003dcb5e\r", "output: 0x0000000001000000\r", "output_len: 0x00000000014bfa98\r", "kernel_total_size: 0x0000000001226000\r", "needed_size: 0x0000000001600000\r", "trampoline_32bit: 0x000000000009d000\r", "\r", "Decompressing Linux... Parsing ELF... done.\r", "Booting the kernel.\r", "[    0.000000] Linux version 5.4.46 (lijl@nsl-node10) (gcc version 9.3.0 (Ubuntu 9.3.0-17ubuntu1~20.04)) #1 SMP Tue Jun 7 18:31:41 +08 2022\r", "[    0.000000] Command line: earlyprintk=ttyS0 console=ttyS0 root=/dev/sda1 init=/home/ubuntu/guestinit.sh rw\r", "[    0.000000] x86/fpu: Supporting XSAVE feature 0x001: 'x87 floating point registers'\r", "[    0.000000] x86/fpu: Supporting XSAVE feature 0x002: 'SSE registers'\r", "[    0.000000] x86/fpu: Supporting XSAVE feature 0x200: 'Protection Keys User registers'\r", "[    0.000000] x86/fpu: xstate_offset[9]: 2688, xstate_sizes[9]:    8\r", "[    0.000000] x86/fpu: Enabled xstate features 0x203, context size is 2696 bytes, using 'standard' format.\r", "[    0.000000] BIOS-provided physical RAM map:\r", "[    0.000000] BIOS-e820: [mem 0x0000000000000000-0x000000000009fbff] usable\r", "[    0.000000] BIOS-e820: [mem 0x000000000009fc00-0x000000000009ffff] reserved\r", "[    0.000000] BIOS-e820: [mem 0x00000000000f0000-0x00000000000fffff] reserved\r", "[    0.000000] BIOS-e820: [mem 0x0000000000100000-0x000000007ffddfff] usable\r", "[    0.000000] BIOS-e820: [mem 0x000000007ffde000-0x000000007fffffff] reserved\r", "[    0.000000] BIOS-e820: [mem 0x00000000b0000000-0x00000000bfffffff] reserved\r", "[    0.000000] BIOS-e820: [mem 0x00000000fed1c000-0x00000000fed1ffff] reserved\r", "[    0.000000] BIOS-e820: [mem 0x00000000fffc0000-0x00000000ffffffff] reserved\r", "[    0.000000] BIOS-e820: [mem 0x0000000100000000-0x000000027fffffff] usable\r", "[    0.000000] printk: bootconsole [earlyser0] enabled\r", "[    0.000000] NX (Execute Disable) protection: active\r", "[    0.000000] SMBIOS 2.8 present.\r", "[    0.000000] DMI: QEMU Standard PC (Q35 + ICH9, 2009), BIOS rel-1.14.0-0-g155821a1990b-prebuilt.qemu.org 04/01/2014\r", "[    0.000000] tsc: Fast TSC calibration failed\r", "[    0.000000] tsc: calibrated TSC: tsc_freq=0\r", "[    0.000000] last_pfn = 0x280000 max_arch_pfn = 0x400000000\r", "[    0.000000] x86/PAT: Configuration [0-7]: WB  WC  UC- UC  WB  WP  UC- WT  \r", "[    0.000000] last_pfn = 0x7ffde max_arch_pfn = 0x400000000\r", "[    0.000000] found SMP MP-table at [mem 0x000f5ab0-0x000f5abf]\r", "[    0.000000] Using GB pages for direct mapping\r", "[    0.000000] ACPI: Early table checksum verification disabled\r", "[    0.000000] ACPI: RSDP 0x00000000000F58C0 000014 (v00 BOCHS )\r", "[    0.000000] ACPI: RSDT 0x000000007FFE20CE 000038 (v01 BOCHS  BXPCRSDT 00000001 BXPC 00000001)\r", "[    0.000000] ACPI: FACP 0x000000007FFE1EC6 0000F4 (v03 BOCHS  BXPCFACP 00000001 BXPC 00000001)\r", "[    0.000000] ACPI: DSDT 0x000000007FFE0040 001E86 (v01 BOCHS  BXPCDSDT 00000001 BXPC 00000001)\r", "[    0.000000] ACPI: FACS 0x000000007FFE0000 000040\r", "[    0.000000] ACPI: APIC 0x000000007FFE1FBA 000078 (v01 BOCHS  BXPCAPIC 00000001 BXPC 00000001)\r", "[    0.000000] ACPI: HPET 0x000000007FFE2032 000038 (v01 BOCHS  BXPCHPET 00000001 BXPC 00000001)\r", "[    0.000000] ACPI: MCFG 0x000000007FFE206A 00003C (v01 BOCHS  BXPCMCFG 00000001 BXPC 00000001)\r", "[    0.000000] ACPI: WAET 0x000000007FFE20A6 000028 (v01 BOCHS  BXPCWAET 00000001 BXPC 00000001)\r", "[    0.000000] No NUMA configuration found\r", "[    0.000000] Faking a node at [mem 0x0000000000000000-0x000000027fffffff]\r", "[    0.000000] NODE_DATA(0) allocated [mem 0x27ffdc000-0x27fffdfff]\r", "[    0.000000] Zone ranges:\r", "[    0.000000]   DMA      [mem 0x0000000000001000-0x0000000000ffffff]\r", "[    0.000000]   DMA32    [mem 0x0000000001000000-0x00000000ffffffff]\r", "[    0.000000]   Normal   [mem 0x0000000100000000-0x000000027fffffff]\r", "[    0.000000] Movable zone start for each node\r", "[    0.000000] Early memory node ranges\r", "[    0.000000]   node   0: [mem 0x0000000000001000-0x000000000009efff]\r", "[    0.000000]   node   0: [mem 0x0000000000100000-0x000000007ffddfff]\r", "[    0.000000]   node   0: [mem 0x0000000100000000-0x000000027fffffff]\r", "[    0.000000] Zeroed struct page in unavailable ranges: 132 pages\r", "[    0.000000] Initmem setup node 0 [mem 0x0000000000001000-0x000000027fffffff]\r", "[    0.000000] ACPI: PM-Timer IO Port: 0x608\r", "[    0.000000] ACPI: LAPIC_NMI (acpi_id[0xff] dfl dfl lint[0x1])\r", "[    0.000000] IOAPIC[0]: apic_id 0, version 32, address 0xfec00000, GSI 0-23\r", "[    0.000000] ACPI: INT_SRC_OVR (bus 0 bus_irq 0 global_irq 2 dfl dfl)\r", "[    0.000000] ACPI: INT_SRC_OVR (bus 0 bus_irq 5 global_irq 5 high level)\r", "[    0.000000] ACPI: INT_SRC_OVR (bus 0 bus_irq 9 global_irq 9 high level)\r", "[    0.000000] ACPI: INT_SRC_OVR (bus 0 bus_irq 10 global_irq 10 high level)\r", "[    0.000000] ACPI: INT_SRC_OVR (bus 0 bus_irq 11 global_irq 11 high level)\r", "[    0.000000] Using ACPI (MADT) for SMP configuration information\r", "[    0.000000] ACPI: HPET id: 0x8086a201 base: 0xfed00000\r", "[    0.000000] smpboot: Allowing 1 CPUs, 0 hotplug CPUs\r", "[    0.000000] [mem 0xc0000000-0xfed1bfff] available for PCI devices\r", "[    0.000000] Booting paravirtualized kernel on bare hardware\r", "[    0.000000] clocksource: refined-jiffies: mask: 0xffffffff max_cycles: 0xffffffff, max_idle_ns: 1910969940391419 ns\r", "[    0.000000] setup_percpu: NR_CPUS:8192 nr_cpumask_bits:1 nr_cpu_ids:1 nr_node_ids:1\r", "[    0.000000] percpu: Embedded 49 pages/cpu s159768 r8192 d32744 u2097152\r", "[    0.000000] Built 1 zonelists, mobility grouping on.  Total pages: 2068327\r", "[    0.000000] Policy zone: Normal\r", "[    0.000000] Kernel command line: earlyprintk=ttyS0 console=ttyS0 root=/dev/sda1 init=/home/ubuntu/guestinit.sh rw\r", "[    0.000000] Dentry cache hash table entries: 1048576 (order: 11, 8388608 bytes, linear)\r", "[    0.000000] Inode-cache hash table entries: 524288 (order: 10, 4194304 bytes, linear)\r", "[    0.000000] mem auto-init: stack:off, heap alloc:off, heap free:off\r", "[    0.000000] Memory: 8176252K/8388080K available (8194K kernel code, 1286K rwdata, 1988K rodata, 1916K init, 1284K bss, 211828K reserved, 0K cma-reserved)\r", "[    0.000000] rcu: Hierarchical RCU implementation.\r", "[    0.000000] rcu: \tRCU restricting CPUs from NR_CPUS=8192 to nr_cpu_ids=1.\r", "[    0.000000] rcu: RCU calculated value of scheduler-enlistment delay is 100 jiffies.\r", "[    0.000000] rcu: Adjusting geometry for rcu_fanout_leaf=16, nr_cpu_ids=1\r", "[    0.000000] NR_IRQS: 524544, nr_irqs: 256, preallocated irqs: 16\r", "[    0.000000] random: crng done (trusting CPU's manufacturer)\r", "[    0.000000] Console: colour VGA+ 80x25\r", "[    0.000000] printk: console [ttyS0] enabled\r", "[    0.000000] printk: console [ttyS0] enabled\r", "[    0.000000] printk: bootconsole [earlyser0] disabled\r", "[    0.000000] printk: bootconsole [earlyser0] disabled\r", "[    0.000000] ACPI: Core revision 20190816\r", "[    0.000000] clocksource: hpet: mask: 0xffffffff max_cycles: 0xffffffff, max_idle_ns: 19112604467 ns\r", "[    0.000000] APIC: Switch to symmetric I/O mode setup\r", "[    0.000000] ..TIMER: vector=0x30 apic1=0 pin1=2 apic2=-1 pin2=-1\r", "[    0.007000] tsc: PIT calibration matches HPET. 1 loops\r", "[    0.007000] tsc: Detected 1000.000 MHz processor\r", "[    0.000000] clocksource: tsc-early: mask: 0xffffffffffffffff max_cycles: 0x1cd42e4dffb, max_idle_ns: 881590591483 ns\r", "[    0.000003] Calibrating delay loop (skipped), value calculated using timer frequency.. 2000.00 BogoMIPS (lpj=1000000)\r", "[    0.000007] pid_max: default: 32768 minimum: 301\r", "[    0.000056] Mount-cache hash table entries: 16384 (order: 5, 131072 bytes, linear)\r", "[    0.000064] Mountpoint-cache hash table entries: 16384 (order: 5, 131072 bytes, linear)\r", "[    0.000155] Last level iTLB entries: 4KB 0, 2MB 0, 4MB 0\r", "[    0.000157] Last level dTLB entries: 4KB 0, 2MB 0, 4MB 0, 1GB 0\r", "[    0.000159] Spectre V1 : Mitigation: usercopy/swapgs barriers and __user pointer sanitization\r", "[    0.000162] Spectre V2 : Spectre mitigation: kernel not compiled with retpoline; no mitigation available!\r", "[    0.000163] Speculative Store Bypass: Vulnerable\r", "[    0.000167] MDS: Vulnerable: Clear CPU buffers attempted, no microcode\r", "[    0.000565] Freeing SMP alternatives memory: 12K\r", "[    0.204602]  calibrated lapic_timer_period=1000000\r", "[    0.204604] smpboot: CPU0: Intel Xeon Processor (Skylake) (family: 0x6, model: 0x55, stepping: 0x4)\r", "[    0.204704] Performance Events: unsupported p6 CPU model 85 no PMU driver, software events only.\r", "[    0.204728] rcu: Hierarchical SRCU implementation.\r", "[    0.204770] smp: Bringing up secondary CPUs ...\r", "[    0.204772] smp: Brought up 1 node, 1 CPU\r", "[    0.204774] smpboot: Max logical packages: 1\r", "[    0.204775] smpboot: Total of 1 processors activated (2000.00 BogoMIPS)\r", "[    0.204985] devtmpfs: initialized\r", "[    0.205003] clocksource: jiffies: mask: 0xffffffff max_cycles: 0xffffffff, max_idle_ns: 1911260446275000 ns\r", "[    0.205003] futex hash table entries: 256 (order: 2, 16384 bytes, linear)\r", "[    0.205003] \r", "[    0.205003] *************************************************************\r", "[    0.205003] **     NOTICE NOTICE NOTICE NOTICE NOTICE NOTICE NOTICE    **\r", "[    0.205003] **                                                         **\r", "[    0.205003] **  IOMMU DebugFS SUPPORT HAS BEEN ENABLED IN THIS KERNEL  **\r", "[    0.205003] **                                                         **\r", "[    0.205003] ** This means that this kernel is built to expose internal **\r", "[    0.205003] ** IOMMU data structures, which may compromise security on **\r", "[    0.205003] ** your system.                                            **\r", "[    0.205003] **                                                         **\r", "[    0.205003] ** If you see this message and you are not debugging the   **\r", "[    0.205003] ** kernel, report this immediately to your vendor!         **\r", "[    0.205003] **                                                         **\r", "[    0.205003] **     NOTICE NOTICE NOTICE NOTICE NOTICE NOTICE NOTICE    **\r", "[    0.205003] *************************************************************\r", "[    0.205003] NET: Registered protocol family 16\r", "[    0.205003] audit: initializing netlink subsys (disabled)\r", "[    0.205003] cpuidle: using governor ladder\r", "[    0.205003] ACPI: bus type PCI registered\r", "[    0.205003] acpiphp: ACPI Hot Plug PCI Controller Driver version: 0.5\r", "[    0.205003] PCI: MMCONFIG for domain 0000 [bus 00-ff] at [mem 0xb0000000-0xbfffffff] (base 0xb0000000)\r", "[    0.205003] PCI: MMCONFIG at [mem 0xb0000000-0xbfffffff] reserved in E820\r", "[    0.205003] PCI: Using configuration type 1 for base access\r", "[    0.208007] audit: type=2000 audit(1655008819.211:1): state=initialized audit_enabled=0 res=1\r", "[    0.209041] HugeTLB registered 1.00 GiB page size, pre-allocated 0 pages\r", "[    0.209043] HugeTLB registered 2.00 MiB page size, pre-allocated 0 pages\r", "[    0.209565] ACPI: Added _OSI(Module Device)\r", "[    0.209566] ACPI: Added _OSI(Processor Device)\r", "[    0.209568] ACPI: Added _OSI(3.0 _SCP Extensions)\r", "[    0.209570] ACPI: Added _OSI(Processor Aggregator Device)\r", "[    0.209572] ACPI: Added _OSI(Linux-Dell-Video)\r", "[    0.209574] ACPI: Added _OSI(Linux-Lenovo-NV-HDMI-Audio)\r", "[    0.209576] ACPI: Added _OSI(Linux-HPI-Hybrid-Graphics)\r", "[    0.211091] ACPI: 1 ACPI AML tables successfully acquired and loaded\r", "[    0.211524] ACPI: Interpreter enabled\r", "[    0.211527] ACPI: (supports S0 S5)\r", "[    0.211529] ACPI: Using IOAPIC for interrupt routing\r", "[    0.211544] PCI: Using host bridge windows from ACPI; if necessary, use \"pci=nocrs\" and report a bug\r", "[    0.211628] ACPI: Enabled 1 GPEs in block 00 to 3F\r", "[    0.213152] ACPI: PCI Root Bridge [PCI0] (domain 0000 [bus 00-ff])\r", "[    0.213156] acpi PNP0A08:00: _OSC: OS supports [ExtendedConfig ASPM ClockPM Segments MSI HPX-Type3]\r", "[    0.213241] acpi PNP0A08:00: _OSC: platform does not support [LTR]\r", "[    0.213322] acpi PNP0A08:00: _OSC: OS now controls [PCIeHotplug PME AER PCIeCapability]\r", "[    0.213369] PCI host bridge to bus 0000:00\r", "[    0.213371] pci_bus 0000:00: root bus resource [io  0x0000-0x0cf7 window]\r", "[    0.213374] pci_bus 0000:00: root bus resource [io  0x0d00-0xffff window]\r", "[    0.213377] pci_bus 0000:00: root bus resource [mem 0x000a0000-0x000bffff window]\r", "[    0.213380] pci_bus 0000:00: root bus resource [mem 0x80000000-0xafffffff window]\r", "[    0.213383] pci_bus 0000:00: root bus resource [mem 0xc0000000-0xfebfffff window]\r", "[    0.213386] pci_bus 0000:00: root bus resource [mem 0x280000000-0xa7fffffff window]\r", "[    0.213389] pci_bus 0000:00: root bus resource [bus 00-ff]\r", "[    0.213396] pci 0000:00:00.0: [8086:29c0] type 00 class 0x060000\r", "[    0.213431] pci 0000:00:01.0: [1234:1111] type 00 class 0x030000\r", "[    0.213434] pci 0000:00:01.0: reg 0x10: [mem 0xfd000000-0xfdffffff pref]\r", "[    0.213438] pci 0000:00:01.0: reg 0x18: [mem 0xfe818000-0xfe818fff]\r", "[    0.213442] pci 0000:00:01.0: reg 0x30: [mem 0xfe800000-0xfe80ffff pref]\r", "[    0.213475] pci 0000:00:02.0: [8086:1583] type 00 class 0x020000\r", "[    0.213479] pci 0000:00:02.0: reg 0x10: [mem 0xfe400000-0xfe7fffff 64bit]\r", "[    0.213482] pci 0000:00:02.0: reg 0x18: [io  0xc040-0xc05f]\r", "[    0.213485] pci 0000:00:02.0: reg 0x1c: [mem 0xfe810000-0xfe817fff 64bit]\r", "[    0.213523] pci 0000:00:1f.0: [8086:2918] type 00 class 0x060100\r", "[    0.213530] pci 0000:00:1f.0: quirk: [io  0x0600-0x067f] claimed by ICH6 ACPI/GPIO/TCO\r", "[    0.213563] pci 0000:00:1f.2: [8086:2922] type 00 class 0x010601\r", "[    0.213567] pci 0000:00:1f.2: reg 0x20: [io  0xc060-0xc07f]\r", "[    0.213570] pci 0000:00:1f.2: reg 0x24: [mem 0xfe819000-0xfe819fff]\r", "[    0.213602] pci 0000:00:1f.3: [8086:2930] type 00 class 0x0c0500\r", "[    0.213606] pci 0000:00:1f.3: reg 0x20: [io  0x0700-0x073f]\r", "[    0.213784] ACPI: PCI Interrupt Link [LNKA] (IRQs 5 *10 11)\r", "[    0.213833] ACPI: PCI Interrupt Link [LNKB] (IRQs 5 *10 11)\r", "[    0.213882] ACPI: PCI Interrupt Link [LNKC] (IRQs 5 10 *11)\r", "[    0.213931] ACPI: PCI Interrupt Link [LNKD] (IRQs 5 10 *11)\r", "[    0.213980] ACPI: PCI Interrupt Link [LNKE] (IRQs 5 *10 11)\r", "[    0.214030] ACPI: PCI Interrupt Link [LNKF] (IRQs 5 *10 11)\r", "[    0.214079] ACPI: PCI Interrupt Link [LNKG] (IRQs 5 10 *11)\r", "[    0.214127] ACPI: PCI Interrupt Link [LNKH] (IRQs 5 10 *11)\r", "[    0.214143] ACPI: PCI Interrupt Link [GSIA] (IRQs *16)\r", "[    0.214154] ACPI: PCI Interrupt Link [GSIB] (IRQs *17)\r", "[    0.214166] ACPI: PCI Interrupt Link [GSIC] (IRQs *18)\r", "[    0.214177] ACPI: PCI Interrupt Link [GSID] (IRQs *19)\r", "[    0.214188] ACPI: PCI Interrupt Link [GSIE] (IRQs *20)\r", "[    0.214199] ACPI: PCI Interrupt Link [GSIF] (IRQs *21)\r", "[    0.214211] ACPI: PCI Interrupt Link [GSIG] (IRQs *22)\r", "[    0.214222] ACPI: PCI Interrupt Link [GSIH] (IRQs *23)\r", "[    0.214286] iommu: Default domain type: Translated \r", "[    0.215270] pci 0000:00:01.0: vgaarb: setting as boot VGA device\r", "[    0.215273] pci 0000:00:01.0: vgaarb: VGA device added: decodes=io+mem,owns=io+mem,locks=none\r", "[    0.215276] pci 0000:00:01.0: vgaarb: bridge control possible\r", "[    0.215278] vgaarb: loaded\r", "[    0.215332] SCSI subsystem initialized\r", "[    0.215429] pps_core: LinuxPPS API ver. 1 registered\r", "[    0.215431] pps_core: Software ver. 5.3.6 - Copyright 2005-2007 Rodolfo Giometti <giometti@linux.it>\r", "[    0.215437] PTP clock support registered\r", "[    0.215442] PCI: Using ACPI for IRQ routing\r", "[    0.215740] hpet0: at MMIO 0xfed00000, IRQs 2, 8, 0\r", "[    0.215743] hpet0: 3 comparators, 64-bit 100.000000 MHz counter\r", "[    0.217257] clocksource: Switched to clocksource tsc-early\r", "[    0.223797] VFS: Disk quotas dquot_6.6.0\r", "[    0.223810] VFS: Dquot-cache hash table entries: 512 (order 0, 4096 bytes)\r", "[    0.223850] pnp: PnP ACPI init\r", "[    0.224094] pnp: PnP ACPI: found 5 devices\r", "[    0.225871] thermal_sys: Registered thermal governor 'step_wise'\r", "[    0.225872] thermal_sys: Registered thermal governor 'user_space'\r", "[    0.230380] clocksource: acpi_pm: mask: 0xffffff max_cycles: 0xffffff, max_idle_ns: 2085701024 ns\r", "[    0.230385] pci_bus 0000:00: resource 4 [io  0x0000-0x0cf7 window]\r", "[    0.230388] pci_bus 0000:00: resource 5 [io  0x0d00-0xffff window]\r", "[    0.230391] pci_bus 0000:00: resource 6 [mem 0x000a0000-0x000bffff window]\r", "[    0.230394] pci_bus 0000:00: resource 7 [mem 0x80000000-0xafffffff window]\r", "[    0.230397] pci_bus 0000:00: resource 8 [mem 0xc0000000-0xfebfffff window]\r", "[    0.230400] pci_bus 0000:00: resource 9 [mem 0x280000000-0xa7fffffff window]\r", "[    0.230430] NET: Registered protocol family 2\r", "[    0.230510] tcp_listen_portaddr_hash hash table entries: 4096 (order: 4, 65536 bytes, linear)\r", "[    0.230526] TCP established hash table entries: 65536 (order: 7, 524288 bytes, linear)\r", "[    0.230662] TCP bind hash table entries: 65536 (order: 8, 1048576 bytes, linear)\r", "[    0.230828] TCP: Hash tables configured (established 65536 bind 65536)\r", "[    0.230869] UDP hash table entries: 4096 (order: 5, 131072 bytes, linear)\r", "[    0.230894] UDP-Lite hash table entries: 4096 (order: 5, 131072 bytes, linear)\r", "[    0.230948] NET: Registered protocol family 1\r", "[    0.230955] pci 0000:00:01.0: Video device with shadowed ROM at [mem 0x000c0000-0x000dffff]\r", "[    0.230963] PCI: CLS 0 bytes, default 64\r", "[    0.231364] PCI-DMA: Using software bounce buffering for IO (SWIOTLB)\r", "[    0.231367] software IO TLB: mapped [mem 0x7bfde000-0x7ffde000] (64MB)\r", "[    0.231734] workingset: timestamp_bits=52 max_order=21 bucket_order=0\r", "[    0.231870] fuse: init (API version 7.31)\r", "[    0.234067] Block layer SCSI generic (bsg) driver version 0.4 loaded (major 252)\r", "[    0.234069] io scheduler mq-deadline registered\r", "[    0.234071] io scheduler kyber registered\r", "[    0.234634] acpiphp_ibm: ibm_acpiphp_init: acpi_walk_namespace failed\r", "[    0.234767] Serial: 8250/16550 driver, 4 ports, IRQ sharing disabled\r", "[    0.254790] 00:03: ttyS0 at I/O 0x3f8 (irq = 4, base_baud = 115200) is a 16550A\r", "[    0.255104] Linux agpgart interface v0.103\r", "[    0.257084] brd: module loaded\r", "[    0.258573] loop: module loaded\r", "[    0.258608] Loading iSCSI transport class v2.0-870.\r", "[    0.259225] PCI Interrupt Link [GSIA] enabled at IRQ 16\r", "[    0.259278] ahci 0000:00:1f.2: AHCI 0001.0000 32 slots 6 ports 1.5 Gbps 0x3f impl SATA mode\r", "[    0.259281] ahci 0000:00:1f.2: flags: 64bit ncq only \r", "[    0.260125] scsi host0: ahci\r", "[    0.260207] scsi host1: ahci\r", "[    0.260306] scsi host2: ahci\r", "[    0.260390] scsi host3: ahci\r", "[    0.260478] scsi host4: ahci\r", "[    0.260565] scsi host5: ahci\r", "[    0.260605] ata1: SATA max UDMA/133 abar m4096@0xfe819000 port 0xfe819100 irq 24\r", "[    0.260607] ata2: SATA max UDMA/133 abar m4096@0xfe819000 port 0xfe819180 irq 24\r", "[    0.260610] ata3: SATA max UDMA/133 abar m4096@0xfe819000 port 0xfe819200 irq 24\r", "[    0.260612] ata4: SATA max UDMA/133 abar m4096@0xfe819000 port 0xfe819280 irq 24\r", "[    0.260615] ata5: SATA max UDMA/133 abar m4096@0xfe819000 port 0xfe819300 irq 24\r", "[    0.260617] ata6: SATA max UDMA/133 abar m4096@0xfe819000 port 0xfe819380 irq 24\r", "[    0.260675] Ethernet Channel Bonding Driver: v3.7.1 (April 27, 2011)\r", "[    0.261066] tun: Universal TUN/TAP device driver, 1.6\r", "[    0.261110] VFIO - User Level meta-driver version: 0.3\r", "[    0.261183] i8042: PNP: PS/2 Controller [PNP0303:KBD,PNP0f13:MOU] at 0x60,0x64 irq 1,12\r", "[    0.261352] serio: i8042 KBD port at 0x60,0x64 irq 1\r", "[    0.261355] serio: i8042 AUX port at 0x60,0x64 irq 12\r", "[    0.261409] mousedev: PS/2 mouse device common for all mice\r", "[    0.261604] NET: Registered protocol family 17\r", "[    0.261660] input: AT Translated Set 2 keyboard as /devices/platform/i8042/serio0/input/input0\r", "[    0.261733] IPI shorthand broadcast: enabled\r", "[    0.261738] sched_clock: Marking stable (268254697, -6996482)->(160598629, 100659586)\r", "[    0.569265] ata2: SATA link up 1.5 Gbps (SStatus 113 SControl 300)\r", "[    0.569270] ata2.00: ATA-7: QEMU HARDDISK, 2.5+, max UDMA/100\r", "[    0.569273] ata2.00: 20 sectors, multi 16: LBA48 NCQ (depth 32)\r", "[    0.569276] ata2.00: applying bridge limits\r", "[    0.569283] ata2.00: configured for UDMA/100\r", "[    0.569286] ata3: SATA link up 1.5 Gbps (SStatus 113 SControl 300)\r", "[    0.569291] ata3.00: ATAPI: QEMU DVD-ROM, 2.5+, max UDMA/100\r", "[    0.569294] ata3.00: applying bridge limits\r", "[    0.569300] ata3.00: configured for UDMA/100\r", "[    0.569305] ata5: SATA link down (SStatus 0 SControl 300)\r", "[    0.569309] ata6: SATA link down (SStatus 0 SControl 300)\r", "[    0.569313] ata1: SATA link up 1.5 Gbps (SStatus 113 SControl 300)\r", "[    0.569318] ata1.00: ATA-7: QEMU HARDDISK, 2.5+, max UDMA/100\r", "[    0.569320] ata1.00: 83886080 sectors, multi 16: LBA48 NCQ (depth 32)\r", "[    0.569324] ata1.00: applying bridge limits\r", "[    0.569330] ata1.00: configured for UDMA/100\r", "[    0.569348] ata4: SATA link down (SStatus 0 SControl 300)\r", "[    0.569362] scsi 0:0:0:0: Direct-Access     ATA      QEMU HARDDISK    2.5+ PQ: 0 ANSI: 5\r", "[    0.569410] scsi 0:0:0:0: Attached scsi generic sg0 type 0\r", "[    0.569478] scsi 1:0:0:0: Direct-Access     ATA      QEMU HARDDISK    2.5+ PQ: 0 ANSI: 5\r", "[    0.569527] scsi 1:0:0:0: Attached scsi generic sg1 type 0\r", "[    0.569638] scsi 2:0:0:0: CD-ROM            QEMU     QEMU DVD-ROM     2.5+ PQ: 0 ANSI: 5\r", "[    0.569704] sd 0:0:0:0: [sda] 83886080 512-byte logical blocks: (42.9 GB/40.0 GiB)\r", "[    0.569710] sd 0:0:0:0: [sda] Write Protect is off\r", "[    0.569719] sd 0:0:0:0: [sda] Write cache: enabled, read cache: enabled, doesn't support DPO or FUA\r", "[    0.569791] sd 1:0:0:0: [sdb] 20 512-byte logical blocks: (10.2 kB/10.0 KiB)\r", "[    0.569797] sd 1:0:0:0: [sdb] Write Protect is off\r", "[    0.569810] sd 1:0:0:0: [sdb] Write cache: enabled, read cache: enabled, doesn't support DPO or FUA\r", "[    0.570250]  sda: sda1 sda14 sda15\r", "[    0.570308] sd 1:0:0:0: [sdb] Attached SCSI disk\r", "[    0.570483] sd 0:0:0:0: [sda] Attached SCSI disk\r", "[    0.583270] sr 2:0:0:0: [sr0] scsi3-mmc drive: 4x/4x cd/rw xa/form2 tray\r", "[    0.583272] cdrom: Uniform CD-ROM driver Revision: 3.20\r", "[    0.583433] sr 2:0:0:0: Attached scsi generic sg2 type 5\r", "[    0.585795] EXT4-fs (sda1): mounted filesystem with ordered data mode. Opts: (null)\r", "[    0.585801] VFS: Mounted root (ext4 filesystem) on device 8:1.\r", "[    0.585818] devtmpfs: mounted\r", "[    0.586610] Freeing unused kernel image memory: 1916K\r", "[    0.588266] Write protecting the kernel read-only data: 12288k\r", "[    0.589188] Freeing unused kernel image memory: 2032K\r", "[    0.589220] Freeing unused kernel image memory: 60K\r", "[    0.589222] rodata_test: all tests were successful\r", "[    0.589224] Run /home/ubuntu/guestinit.sh as init process\r", "+ export HOME=/root\r", "+ export LANG=en_US\r", "+ export PATH=/usr/local/sbin:/usr/local/bin:/usr/sbin:/usr/bin:/sbin:/bin:/usr/games:/usr/local/games\r", "+ modprobe i40e\r", "[    0.594401] i40e: Intel(R) Ethernet Connection XL710 Network Driver - version 2.8.20-k\r", "[    0.594404] i40e: Copyright (c) 2013 - 2019 Intel Corporation.\r", "[    0.594647] PCI Interrupt Link [GSIG] enabled at IRQ 22\r", "[    0.598011] i40e 0000:00:02.0: fw 0.0.00000 api 1.10 nvm 0.0.0 [8086:1583] [1af4:1100]\r", "[    0.598015] i40e 0000:00:02.0: The driver for the device detected a newer version of the NVM image v1.10 than expected v1.9. Please install the most recent version of the network driver.\r", "[    0.697838] i40e 0000:00:02.0: Stopping firmware LLDP agent.\r", "[    0.697953] i40e 0000:00:02.0: MAC address: 30:99:f0:db:4b:5a\r", "[    0.698012] i40e 0000:00:02.0: FW LLDP is enabled\r", "[    0.699494] i40e 0000:00:02.0 eth0: NIC Link is Up, 40 Gbps Full Duplex, Flow Control: None\r", "[    0.779387] i40e 0000:00:02.0: PCI-Express: Speed UnknownGT/s Width xUnknown\r", "[    0.779390] i40e 0000:00:02.0: PCI-Express bandwidth available for this device may be insufficient for optimal performance.\r", "[    0.779394] i40e 0000:00:02.0: Please move the device to a different PCI-e link with more lanes and/or higher transfer rate.\r", "[    0.779623] i40e 0000:00:02.0: Features: PF-id[0] VSIs: 384 QP: 1 RSS VxLAN Geneve PTP VEPA\r", "+ ip link set dev eth0 up\r", "[    0.782399] i40e 0000:00:02.0: Error OK adding RX filters on PF, promiscuous mode forced on\r", "+ ip addr add 10.0.0.1/24 dev eth0\r", "+ /root/nopaxos/bench/replica -c /root/nopaxos.config -i 0 -m nopaxos\r", "20220512-044019-7944 00741 * BindToPort      (udptransport.cc:171): Binding to 10.0.0.1:12345\r", "20220512-044019-7945 00741 * RegisterInternal (udptransport.cc:291): Listening on UDP port 12345\r", "20220512-044019-7945 00741 * BindToPort      (udptransport.cc:171): Binding to 10.0.0.255:22222\r", "20220512-044019-7945 00741 * ListenOnMulticast (udptransport.cc:359): Listening for multicast requests on 10.0.0.255:22222\r", "[    1.259275] tsc: Refined TSC clocksource calibration: 999.999 MHz\r", "[    1.259277] clocksource: tsc: mask: 0xffffffffffffffff max_cycles: 0x1cd42c7a813, max_idle_ns: 881590565951 ns\r", "[    1.259281] clocksource: Switched to clocksource tsc\r"], "stderr": ["qemu-system-x86_64: -icount shift=-2,sleep=off: warning: time_shift=-2", "qemu-system-x86_64: warning: TCG doesn't support requested feature: CPUID.01H:ECX.fma [bit 12]", "qemu-system-x86_64: warning: TCG doesn't support requested feature: CPUID.01H:ECX.pcid [bit 17]", "qemu-system-x86_64: warning: TCG doesn't support requested feature: CPUID.01H:ECX.x2apic [bit 21]", "qemu-system-x86_64: warning: TCG doesn't support requested feature: CPUID.01H:ECX.tsc-deadline [bit 24]", "qemu-system-x86_64: warning: TCG doesn't support requested feature: CPUID.01H:ECX.avx [bit 28]", "qemu-system-x86_64: warning: TCG doesn't support requested feature: CPUID.01H:ECX.f16c [bit 29]", "qemu-system-x86_64: warning: TCG doesn't support requested feature: CPUID.07H:EBX.hle [bit 4]", "qemu-system-x86_64: warning: TCG doesn't support requested feature: CPUID.07H:EBX.avx2 [bit 5]", "qemu-system-x86_64: warning: TCG doesn't support requested feature: CPUID.07H:EBX.invpcid [bit 10]", "qemu-system-x86_64: warning: TCG doesn't support requested feature: CPUID.07H:EBX.rtm [bit 11]", "qemu-system-x86_64: warning: TCG doesn't support requested feature: CPUID.07H:EBX.avx512f [bit 16]", "qemu-system-x86_64: warning: TCG doesn't support requested feature: CPUID.07H:EBX.avx512dq [bit 17]", "qemu-system-x86_64: warning: TCG doesn't support requested feature: CPUID.07H:EBX.rdseed [bit 18]", "qemu-system-x86_64: warning: TCG doesn't support requested feature: CPUID.07H:EBX.avx512cd [bit 28]", "qemu-system-x86_64: warning: TCG doesn't support requested feature: CPUID.07H:EBX.avx512bw [bit 30]", "qemu-system-x86_64: warning: TCG doesn't support requested feature: CPUID.07H:EBX.avx512vl [bit 31]", "qemu-system-x86_64: warning: TCG doesn't support requested feature: CPUID.80000001H:ECX.3dnowprefetch [bit 8]", "qemu-system-x86_64: warning: TCG doesn't support requested feature: CPUID.0DH:EAX.xsavec [bit 1]"]}, "host.replica.2": {"class": "QemuHost", "cmd": ["/home/lijl/repos/simbricks/sims/external/qemu/build/x86_64-softmmu/qemu-system-x86_64", "-machine", "q35", "-serial", "mon:stdio", "-cpu", "Skylake-Server", "-display", "none", "-nic", "none", "-kernel", "/home/lijl/repos/simbricks/images/bzImage", "-drive", "file=/home/lijl/repos/simbricks/experiments/out/nopaxos-qt-ib-ehseq-1/1/hdcopy.replica.2,if=ide,index=0,media=disk", "-drive", "file=/home/lijl/repos/simbricks/experiments/out/nopaxos-qt-ib-ehseq-1/1/cfg.replica.2.tar,if=ide,index=1,media=disk,driver=raw", "-append", "earlyprintk=ttyS0 console=ttyS0 root=/dev/sda1 init=/home/ubuntu/guestinit.sh rw", "-m", "8192", "-smp", "1", "-icount", "shift=-2,sleep=off", "-device", "simbricks-pci,socket=/home/lijl/repos/simbricks/experiments/out/nopaxos-qt-ib-ehseq-1/1/dev.pci.replica.2.,sync=on,pci-latency=500,sync-period=200"], "stdout": ["early console in extract_kernel\r", "input_data: 0x00000000021082c8\r", "input_len: 0x00000000003dcb5e\r", "output: 0x0000000001000000\r", "output_len: 0x00000000014bfa98\r", "kernel_total_size: 0x0000000001226000\r", "needed_size: 0x0000000001600000\r", "trampoline_32bit: 0x000000000009d000\r", "\r", "Decompressing Linux... Parsing ELF... done.\r", "Booting the kernel.\r", "[    0.000000] Linux version 5.4.46 (lijl@nsl-node10) (gcc version 9.3.0 (Ubuntu 9.3.0-17ubuntu1~20.04)) #1 SMP Tue Jun 7 18:31:41 +08 2022\r", "[    0.000000] Command line: earlyprintk=ttyS0 console=ttyS0 root=/dev/sda1 init=/home/ubuntu/guestinit.sh rw\r", "[    0.000000] x86/fpu: Supporting XSAVE feature 0x001: 'x87 floating point registers'\r", "[    0.000000] x86/fpu: Supporting XSAVE feature 0x002: 'SSE registers'\r", "[    0.000000] x86/fpu: Supporting XSAVE feature 0x200: 'Protection Keys User registers'\r", "[    0.000000] x86/fpu: xstate_offset[9]: 2688, xstate_sizes[9]:    8\r", "[    0.000000] x86/fpu: Enabled xstate features 0x203, context size is 2696 bytes, using 'standard' format.\r", "[    0.000000] BIOS-provided physical RAM map:\r", "[    0.000000] BIOS-e820: [mem 0x0000000000000000-0x000000000009fbff] usable\r", "[    0.000000] BIOS-e820: [mem 0x000000000009fc00-0x000000000009ffff] reserved\r", "[    0.000000] BIOS-e820: [mem 0x00000000000f0000-0x00000000000fffff] reserved\r", "[    0.000000] BIOS-e820: [mem 0x0000000000100000-0x000000007ffddfff] usable\r", "[    0.000000] BIOS-e820: [mem 0x000000007ffde000-0x000000007fffffff] reserved\r", "[    0.000000] BIOS-e820: [mem 0x00000000b0000000-0x00000000bfffffff] reserved\r", "[    0.000000] BIOS-e820: [mem 0x00000000fed1c000-0x00000000fed1ffff] reserved\r", "[    0.000000] BIOS-e820: [mem 0x00000000fffc0000-0x00000000ffffffff] reserved\r", "[    0.000000] BIOS-e820: [mem 0x0000000100000000-0x000000027fffffff] usable\r", "[    0.000000] printk: bootconsole [earlyser0] enabled\r", "[    0.000000] NX (Execute Disable) protection: active\r", "[    0.000000] SMBIOS 2.8 present.\r", "[    0.000000] DMI: QEMU Standard PC (Q35 + ICH9, 2009), BIOS rel-1.14.0-0-g155821a1990b-prebuilt.qemu.org 04/01/2014\r", "[    0.000000] tsc: Fast TSC calibration failed\r", "[    0.000000] tsc: calibrated TSC: tsc_freq=0\r", "[    0.000000] last_pfn = 0x280000 max_arch_pfn = 0x400000000\r", "[    0.000000] x86/PAT: Configuration [0-7]: WB  WC  UC- UC  WB  WP  UC- WT  \r", "[    0.000000] last_pfn = 0x7ffde max_arch_pfn = 0x400000000\r", "[    0.000000] found SMP MP-table at [mem 0x000f5ab0-0x000f5abf]\r", "[    0.000000] Using GB pages for direct mapping\r", "[    0.000000] ACPI: Early table checksum verification disabled\r", "[    0.000000] ACPI: RSDP 0x00000000000F58C0 000014 (v00 BOCHS )\r", "[    0.000000] ACPI: RSDT 0x000000007FFE20CE 000038 (v01 BOCHS  BXPCRSDT 00000001 BXPC 00000001)\r", "[    0.000000] ACPI: FACP 0x000000007FFE1EC6 0000F4 (v03 BOCHS  BXPCFACP 00000001 BXPC 00000001)\r", "[    0.000000] ACPI: DSDT 0x000000007FFE0040 001E86 (v01 BOCHS  BXPCDSDT 00000001 BXPC 00000001)\r", "[    0.000000] ACPI: FACS 0x000000007FFE0000 000040\r", "[    0.000000] ACPI: APIC 0x000000007FFE1FBA 000078 (v01 BOCHS  BXPCAPIC 00000001 BXPC 00000001)\r", "[    0.000000] ACPI: HPET 0x000000007FFE2032 000038 (v01 BOCHS  BXPCHPET 00000001 BXPC 00000001)\r", "[    0.000000] ACPI: MCFG 0x000000007FFE206A 00003C (v01 BOCHS  BXPCMCFG 00000001 BXPC 00000001)\r", "[    0.000000] ACPI: WAET 0x000000007FFE20A6 000028 (v01 BOCHS  BXPCWAET 00000001 BXPC 00000001)\r", "[    0.000000] No NUMA configuration found\r", "[    0.000000] Faking a node at [mem 0x0000000000000000-0x000000027fffffff]\r", "[    0.000000] NODE_DATA(0) allocated [mem 0x27ffdc000-0x27fffdfff]\r", "[    0.000000] Zone ranges:\r", "[    0.000000]   DMA      [mem 0x0000000000001000-0x0000000000ffffff]\r", "[    0.000000]   DMA32    [mem 0x0000000001000000-0x00000000ffffffff]\r", "[    0.000000]   Normal   [mem 0x0000000100000000-0x000000027fffffff]\r", "[    0.000000] Movable zone start for each node\r", "[    0.000000] Early memory node ranges\r", "[    0.000000]   node   0: [mem 0x0000000000001000-0x000000000009efff]\r", "[    0.000000]   node   0: [mem 0x0000000000100000-0x000000007ffddfff]\r", "[    0.000000]   node   0: [mem 0x0000000100000000-0x000000027fffffff]\r", "[    0.000000] Zeroed struct page in unavailable ranges: 132 pages\r", "[    0.000000] Initmem setup node 0 [mem 0x0000000000001000-0x000000027fffffff]\r", "[    0.000000] ACPI: PM-Timer IO Port: 0x608\r", "[    0.000000] ACPI: LAPIC_NMI (acpi_id[0xff] dfl dfl lint[0x1])\r", "[    0.000000] IOAPIC[0]: apic_id 0, version 32, address 0xfec00000, GSI 0-23\r", "[    0.000000] ACPI: INT_SRC_OVR (bus 0 bus_irq 0 global_irq 2 dfl dfl)\r", "[    0.000000] ACPI: INT_SRC_OVR (bus 0 bus_irq 5 global_irq 5 high level)\r", "[    0.000000] ACPI: INT_SRC_OVR (bus 0 bus_irq 9 global_irq 9 high level)\r", "[    0.000000] ACPI: INT_SRC_OVR (bus 0 bus_irq 10 global_irq 10 high level)\r", "[    0.000000] ACPI: INT_SRC_OVR (bus 0 bus_irq 11 global_irq 11 high level)\r", "[    0.000000] Using ACPI (MADT) for SMP configuration information\r", "[    0.000000] ACPI: HPET id: 0x8086a201 base: 0xfed00000\r", "[    0.000000] smpboot: Allowing 1 CPUs, 0 hotplug CPUs\r", "[    0.000000] [mem 0xc0000000-0xfed1bfff] available for PCI devices\r", "[    0.000000] Booting paravirtualized kernel on bare hardware\r", "[    0.000000] clocksource: refined-jiffies: mask: 0xffffffff max_cycles: 0xffffffff, max_idle_ns: 1910969940391419 ns\r", "[    0.000000] setup_percpu: NR_CPUS:8192 nr_cpumask_bits:1 nr_cpu_ids:1 nr_node_ids:1\r", "[    0.000000] percpu: Embedded 49 pages/cpu s159768 r8192 d32744 u2097152\r", "[    0.000000] Built 1 zonelists, mobility grouping on.  Total pages: 2068327\r", "[    0.000000] Policy zone: Normal\r", "[    0.000000] Kernel command line: earlyprintk=ttyS0 console=ttyS0 root=/dev/sda1 init=/home/ubuntu/guestinit.sh rw\r", "[    0.000000] Dentry cache hash table entries: 1048576 (order: 11, 8388608 bytes, linear)\r", "[    0.000000] Inode-cache hash table entries: 524288 (order: 10, 4194304 bytes, linear)\r", "[    0.000000] mem auto-init: stack:off, heap alloc:off, heap free:off\r", "[    0.000000] Memory: 8176252K/8388080K available (8194K kernel code, 1286K rwdata, 1988K rodata, 1916K init, 1284K bss, 211828K reserved, 0K cma-reserved)\r", "[    0.000000] rcu: Hierarchical RCU implementation.\r", "[    0.000000] rcu: \tRCU restricting CPUs from NR_CPUS=8192 to nr_cpu_ids=1.\r", "[    0.000000] rcu: RCU calculated value of scheduler-enlistment delay is 100 jiffies.\r", "[    0.000000] rcu: Adjusting geometry for rcu_fanout_leaf=16, nr_cpu_ids=1\r", "[    0.000000] NR_IRQS: 524544, nr_irqs: 256, preallocated irqs: 16\r", "[    0.000000] random: crng done (trusting CPU's manufacturer)\r", "[    0.000000] Console: colour VGA+ 80x25\r", "[    0.000000] printk: console [ttyS0] enabled\r", "[    0.000000] printk: console [ttyS0] enabled\r", "[    0.000000] printk: bootconsole [earlyser0] disabled\r", "[    0.000000] printk: bootconsole [earlyser0] disabled\r", "[    0.000000] ACPI: Core revision 20190816\r", "[    0.000000] clocksource: hpet: mask: 0xffffffff max_cycles: 0xffffffff, max_idle_ns: 19112604467 ns\r", "[    0.000000] APIC: Switch to symmetric I/O mode setup\r", "[    0.000000] ..TIMER: vector=0x30 apic1=0 pin1=2 apic2=-1 pin2=-1\r", "[    0.007000] tsc: PIT calibration matches HPET. 1 loops\r", "[    0.007000] tsc: Detected 1000.000 MHz processor\r", "[    0.000000] clocksource: tsc-early: mask: 0xffffffffffffffff max_cycles: 0x1cd42e4dffb, max_idle_ns: 881590591483 ns\r", "[    0.000003] Calibrating delay loop (skipped), value calculated using timer frequency.. 2000.00 BogoMIPS (lpj=1000000)\r", "[    0.000007] pid_max: default: 32768 minimum: 301\r", "[    0.000056] Mount-cache hash table entries: 16384 (order: 5, 131072 bytes, linear)\r", "[    0.000064] Mountpoint-cache hash table entries: 16384 (order: 5, 131072 bytes, linear)\r", "[    0.000155] Last level iTLB entries: 4KB 0, 2MB 0, 4MB 0\r", "[    0.000157] Last level dTLB entries: 4KB 0, 2MB 0, 4MB 0, 1GB 0\r", "[    0.000159] Spectre V1 : Mitigation: usercopy/swapgs barriers and __user pointer sanitization\r", "[    0.000162] Spectre V2 : Spectre mitigation: kernel not compiled with retpoline; no mitigation available!\r", "[    0.000163] Speculative Store Bypass: Vulnerable\r", "[    0.000167] MDS: Vulnerable: Clear CPU buffers attempted, no microcode\r", "[    0.000565] Freeing SMP alternatives memory: 12K\r", "[    0.204602]  calibrated lapic_timer_period=1000000\r", "[    0.204604] smpboot: CPU0: Intel Xeon Processor (Skylake) (family: 0x6, model: 0x55, stepping: 0x4)\r", "[    0.204704] Performance Events: unsupported p6 CPU model 85 no PMU driver, software events only.\r", "[    0.204728] rcu: Hierarchical SRCU implementation.\r", "[    0.204770] smp: Bringing up secondary CPUs ...\r", "[    0.204772] smp: Brought up 1 node, 1 CPU\r", "[    0.204774] smpboot: Max logical packages: 1\r", "[    0.204775] smpboot: Total of 1 processors activated (2000.00 BogoMIPS)\r", "[    0.204985] devtmpfs: initialized\r", "[    0.205003] clocksource: jiffies: mask: 0xffffffff max_cycles: 0xffffffff, max_idle_ns: 1911260446275000 ns\r", "[    0.205003] futex hash table entries: 256 (order: 2, 16384 bytes, linear)\r", "[    0.205003] \r", "[    0.205003] *************************************************************\r", "[    0.205003] **     NOTICE NOTICE NOTICE NOTICE NOTICE NOTICE NOTICE    **\r", "[    0.205003] **                                                         **\r", "[    0.205003] **  IOMMU DebugFS SUPPORT HAS BEEN ENABLED IN THIS KERNEL  **\r", "[    0.205003] **                                                         **\r", "[    0.205003] ** This means that this kernel is built to expose internal **\r", "[    0.205003] ** IOMMU data structures, which may compromise security on **\r", "[    0.205003] ** your system.                                            **\r", "[    0.205003] **                                                         **\r", "[    0.205003] ** If you see this message and you are not debugging the   **\r", "[    0.205003] ** kernel, report this immediately to your vendor!         **\r", "[    0.205003] **                                                         **\r", "[    0.205003] **     NOTICE NOTICE NOTICE NOTICE NOTICE NOTICE NOTICE    **\r", "[    0.205003] *************************************************************\r", "[    0.205003] NET: Registered protocol family 16\r", "[    0.205003] audit: initializing netlink subsys (disabled)\r", "[    0.205003] cpuidle: using governor ladder\r", "[    0.205003] ACPI: bus type PCI registered\r", "[    0.205003] acpiphp: ACPI Hot Plug PCI Controller Driver version: 0.5\r", "[    0.205003] PCI: MMCONFIG for domain 0000 [bus 00-ff] at [mem 0xb0000000-0xbfffffff] (base 0xb0000000)\r", "[    0.205003] PCI: MMCONFIG at [mem 0xb0000000-0xbfffffff] reserved in E820\r", "[    0.205003] PCI: Using configuration type 1 for base access\r", "[    0.208007] audit: type=2000 audit(1655008819.211:1): state=initialized audit_enabled=0 res=1\r", "[    0.209041] HugeTLB registered 1.00 GiB page size, pre-allocated 0 pages\r", "[    0.209043] HugeTLB registered 2.00 MiB page size, pre-allocated 0 pages\r", "[    0.209565] ACPI: Added _OSI(Module Device)\r", "[    0.209566] ACPI: Added _OSI(Processor Device)\r", "[    0.209568] ACPI: Added _OSI(3.0 _SCP Extensions)\r", "[    0.209570] ACPI: Added _OSI(Processor Aggregator Device)\r", "[    0.209572] ACPI: Added _OSI(Linux-Dell-Video)\r", "[    0.209574] ACPI: Added _OSI(Linux-Lenovo-NV-HDMI-Audio)\r", "[    0.209576] ACPI: Added _OSI(Linux-HPI-Hybrid-Graphics)\r", "[    0.211091] ACPI: 1 ACPI AML tables successfully acquired and loaded\r", "[    0.211524] ACPI: Interpreter enabled\r", "[    0.211527] ACPI: (supports S0 S5)\r", "[    0.211529] ACPI: Using IOAPIC for interrupt routing\r", "[    0.211544] PCI: Using host bridge windows from ACPI; if necessary, use \"pci=nocrs\" and report a bug\r", "[    0.211628] ACPI: Enabled 1 GPEs in block 00 to 3F\r", "[    0.213152] ACPI: PCI Root Bridge [PCI0] (domain 0000 [bus 00-ff])\r", "[    0.213156] acpi PNP0A08:00: _OSC: OS supports [ExtendedConfig ASPM ClockPM Segments MSI HPX-Type3]\r", "[    0.213241] acpi PNP0A08:00: _OSC: platform does not support [LTR]\r", "[    0.213322] acpi PNP0A08:00: _OSC: OS now controls [PCIeHotplug PME AER PCIeCapability]\r", "[    0.213369] PCI host bridge to bus 0000:00\r", "[    0.213371] pci_bus 0000:00: root bus resource [io  0x0000-0x0cf7 window]\r", "[    0.213374] pci_bus 0000:00: root bus resource [io  0x0d00-0xffff window]\r", "[    0.213377] pci_bus 0000:00: root bus resource [mem 0x000a0000-0x000bffff window]\r", "[    0.213380] pci_bus 0000:00: root bus resource [mem 0x80000000-0xafffffff window]\r", "[    0.213383] pci_bus 0000:00: root bus resource [mem 0xc0000000-0xfebfffff window]\r", "[    0.213386] pci_bus 0000:00: root bus resource [mem 0x280000000-0xa7fffffff window]\r", "[    0.213389] pci_bus 0000:00: root bus resource [bus 00-ff]\r", "[    0.213396] pci 0000:00:00.0: [8086:29c0] type 00 class 0x060000\r", "[    0.213431] pci 0000:00:01.0: [1234:1111] type 00 class 0x030000\r", "[    0.213434] pci 0000:00:01.0: reg 0x10: [mem 0xfd000000-0xfdffffff pref]\r", "[    0.213438] pci 0000:00:01.0: reg 0x18: [mem 0xfe818000-0xfe818fff]\r", "[    0.213442] pci 0000:00:01.0: reg 0x30: [mem 0xfe800000-0xfe80ffff pref]\r", "[    0.213475] pci 0000:00:02.0: [8086:1583] type 00 class 0x020000\r", "[    0.213479] pci 0000:00:02.0: reg 0x10: [mem 0xfe400000-0xfe7fffff 64bit]\r", "[    0.213482] pci 0000:00:02.0: reg 0x18: [io  0xc040-0xc05f]\r", "[    0.213485] pci 0000:00:02.0: reg 0x1c: [mem 0xfe810000-0xfe817fff 64bit]\r", "[    0.213523] pci 0000:00:1f.0: [8086:2918] type 00 class 0x060100\r", "[    0.213530] pci 0000:00:1f.0: quirk: [io  0x0600-0x067f] claimed by ICH6 ACPI/GPIO/TCO\r", "[    0.213563] pci 0000:00:1f.2: [8086:2922] type 00 class 0x010601\r", "[    0.213567] pci 0000:00:1f.2: reg 0x20: [io  0xc060-0xc07f]\r", "[    0.213570] pci 0000:00:1f.2: reg 0x24: [mem 0xfe819000-0xfe819fff]\r", "[    0.213602] pci 0000:00:1f.3: [8086:2930] type 00 class 0x0c0500\r", "[    0.213606] pci 0000:00:1f.3: reg 0x20: [io  0x0700-0x073f]\r", "[    0.213784] ACPI: PCI Interrupt Link [LNKA] (IRQs 5 *10 11)\r", "[    0.213833] ACPI: PCI Interrupt Link [LNKB] (IRQs 5 *10 11)\r", "[    0.213882] ACPI: PCI Interrupt Link [LNKC] (IRQs 5 10 *11)\r", "[    0.213931] ACPI: PCI Interrupt Link [LNKD] (IRQs 5 10 *11)\r", "[    0.213980] ACPI: PCI Interrupt Link [LNKE] (IRQs 5 *10 11)\r", "[    0.214030] ACPI: PCI Interrupt Link [LNKF] (IRQs 5 *10 11)\r", "[    0.214079] ACPI: PCI Interrupt Link [LNKG] (IRQs 5 10 *11)\r", "[    0.214127] ACPI: PCI Interrupt Link [LNKH] (IRQs 5 10 *11)\r", "[    0.214143] ACPI: PCI Interrupt Link [GSIA] (IRQs *16)\r", "[    0.214154] ACPI: PCI Interrupt Link [GSIB] (IRQs *17)\r", "[    0.214166] ACPI: PCI Interrupt Link [GSIC] (IRQs *18)\r", "[    0.214177] ACPI: PCI Interrupt Link [GSID] (IRQs *19)\r", "[    0.214188] ACPI: PCI Interrupt Link [GSIE] (IRQs *20)\r", "[    0.214199] ACPI: PCI Interrupt Link [GSIF] (IRQs *21)\r", "[    0.214211] ACPI: PCI Interrupt Link [GSIG] (IRQs *22)\r", "[    0.214222] ACPI: PCI Interrupt Link [GSIH] (IRQs *23)\r", "[    0.214286] iommu: Default domain type: Translated \r", "[    0.215270] pci 0000:00:01.0: vgaarb: setting as boot VGA device\r", "[    0.215273] pci 0000:00:01.0: vgaarb: VGA device added: decodes=io+mem,owns=io+mem,locks=none\r", "[    0.215276] pci 0000:00:01.0: vgaarb: bridge control possible\r", "[    0.215278] vgaarb: loaded\r", "[    0.215332] SCSI subsystem initialized\r", "[    0.215429] pps_core: LinuxPPS API ver. 1 registered\r", "[    0.215431] pps_core: Software ver. 5.3.6 - Copyright 2005-2007 Rodolfo Giometti <giometti@linux.it>\r", "[    0.215437] PTP clock support registered\r", "[    0.215442] PCI: Using ACPI for IRQ routing\r", "[    0.215740] hpet0: at MMIO 0xfed00000, IRQs 2, 8, 0\r", "[    0.215743] hpet0: 3 comparators, 64-bit 100.000000 MHz counter\r", "[    0.217257] clocksource: Switched to clocksource tsc-early\r", "[    0.223797] VFS: Disk quotas dquot_6.6.0\r", "[    0.223810] VFS: Dquot-cache hash table entries: 512 (order 0, 4096 bytes)\r", "[    0.223850] pnp: PnP ACPI init\r", "[    0.224094] pnp: PnP ACPI: found 5 devices\r", "[    0.225871] thermal_sys: Registered thermal governor 'step_wise'\r", "[    0.225872] thermal_sys: Registered thermal governor 'user_space'\r", "[    0.230380] clocksource: acpi_pm: mask: 0xffffff max_cycles: 0xffffff, max_idle_ns: 2085701024 ns\r", "[    0.230385] pci_bus 0000:00: resource 4 [io  0x0000-0x0cf7 window]\r", "[    0.230388] pci_bus 0000:00: resource 5 [io  0x0d00-0xffff window]\r", "[    0.230391] pci_bus 0000:00: resource 6 [mem 0x000a0000-0x000bffff window]\r", "[    0.230394] pci_bus 0000:00: resource 7 [mem 0x80000000-0xafffffff window]\r", "[    0.230397] pci_bus 0000:00: resource 8 [mem 0xc0000000-0xfebfffff window]\r", "[    0.230400] pci_bus 0000:00: resource 9 [mem 0x280000000-0xa7fffffff window]\r", "[    0.230430] NET: Registered protocol family 2\r", "[    0.230510] tcp_listen_portaddr_hash hash table entries: 4096 (order: 4, 65536 bytes, linear)\r", "[    0.230526] TCP established hash table entries: 65536 (order: 7, 524288 bytes, linear)\r", "[    0.230662] TCP bind hash table entries: 65536 (order: 8, 1048576 bytes, linear)\r", "[    0.230828] TCP: Hash tables configured (established 65536 bind 65536)\r", "[    0.230869] UDP hash table entries: 4096 (order: 5, 131072 bytes, linear)\r", "[    0.230894] UDP-Lite hash table entries: 4096 (order: 5, 131072 bytes, linear)\r", "[    0.230948] NET: Registered protocol family 1\r", "[    0.230955] pci 0000:00:01.0: Video device with shadowed ROM at [mem 0x000c0000-0x000dffff]\r", "[    0.230963] PCI: CLS 0 bytes, default 64\r", "[    0.231364] PCI-DMA: Using software bounce buffering for IO (SWIOTLB)\r", "[    0.231367] software IO TLB: mapped [mem 0x7bfde000-0x7ffde000] (64MB)\r", "[    0.231734] workingset: timestamp_bits=52 max_order=21 bucket_order=0\r", "[    0.231870] fuse: init (API version 7.31)\r", "[    0.234211] Block layer SCSI generic (bsg) driver version 0.4 loaded (major 252)\r", "[    0.234213] io scheduler mq-deadline registered\r", "[    0.234214] io scheduler kyber registered\r", "[    0.234777] acpiphp_ibm: ibm_acpiphp_init: acpi_walk_namespace failed\r", "[    0.234911] Serial: 8250/16550 driver, 4 ports, IRQ sharing disabled\r", "[    0.254934] 00:03: ttyS0 at I/O 0x3f8 (irq = 4, base_baud = 115200) is a 16550A\r", "[    0.255247] Linux agpgart interface v0.103\r", "[    0.257228] brd: module loaded\r", "[    0.258714] loop: module loaded\r", "[    0.258749] Loading iSCSI transport class v2.0-870.\r", "[    0.259369] PCI Interrupt Link [GSIA] enabled at IRQ 16\r", "[    0.259420] ahci 0000:00:1f.2: AHCI 0001.0000 32 slots 6 ports 1.5 Gbps 0x3f impl SATA mode\r", "[    0.259423] ahci 0000:00:1f.2: flags: 64bit ncq only \r", "[    0.260284] scsi host0: ahci\r", "[    0.260367] scsi host1: ahci\r", "[    0.260450] scsi host2: ahci\r", "[    0.260535] scsi host3: ahci\r", "[    0.260623] scsi host4: ahci\r", "[    0.260711] scsi host5: ahci\r", "[    0.260750] ata1: SATA max UDMA/133 abar m4096@0xfe819000 port 0xfe819100 irq 24\r", "[    0.260752] ata2: SATA max UDMA/133 abar m4096@0xfe819000 port 0xfe819180 irq 24\r", "[    0.260755] ata3: SATA max UDMA/133 abar m4096@0xfe819000 port 0xfe819200 irq 24\r", "[    0.260758] ata4: SATA max UDMA/133 abar m4096@0xfe819000 port 0xfe819280 irq 24\r", "[    0.260760] ata5: SATA max UDMA/133 abar m4096@0xfe819000 port 0xfe819300 irq 24\r", "[    0.260763] ata6: SATA max UDMA/133 abar m4096@0xfe819000 port 0xfe819380 irq 24\r", "[    0.260820] Ethernet Channel Bonding Driver: v3.7.1 (April 27, 2011)\r", "[    0.261211] tun: Universal TUN/TAP device driver, 1.6\r", "[    0.261255] VFIO - User Level meta-driver version: 0.3\r", "[    0.261355] i8042: PNP: PS/2 Controller [PNP0303:KBD,PNP0f13:MOU] at 0x60,0x64 irq 1,12\r", "[    0.261524] serio: i8042 KBD port at 0x60,0x64 irq 1\r", "[    0.261527] serio: i8042 AUX port at 0x60,0x64 irq 12\r", "[    0.261564] mousedev: PS/2 mouse device common for all mice\r", "[    0.261759] NET: Registered protocol family 17\r", "[    0.261815] input: AT Translated Set 2 keyboard as /devices/platform/i8042/serio0/input/input0\r", "[    0.261888] IPI shorthand broadcast: enabled\r", "[    0.261893] sched_clock: Marking stable (268254697, -6996482)->(160598629, 100659586)\r", "[    0.569265] ata2: SATA link up 1.5 Gbps (SStatus 113 SControl 300)\r", "[    0.569270] ata2.00: ATA-7: QEMU HARDDISK, 2.5+, max UDMA/100\r", "[    0.569273] ata2.00: 20 sectors, multi 16: LBA48 NCQ (depth 32)\r", "[    0.569276] ata2.00: applying bridge limits\r", "[    0.569283] ata2.00: configured for UDMA/100\r", "[    0.569286] ata3: SATA link up 1.5 Gbps (SStatus 113 SControl 300)\r", "[    0.569291] ata3.00: ATAPI: QEMU DVD-ROM, 2.5+, max UDMA/100\r", "[    0.569294] ata3.00: applying bridge limits\r", "[    0.569300] ata3.00: configured for UDMA/100\r", "[    0.569305] ata5: SATA link down (SStatus 0 SControl 300)\r", "[    0.569309] ata6: SATA link down (SStatus 0 SControl 300)\r", "[    0.569313] ata1: SATA link up 1.5 Gbps (SStatus 113 SControl 300)\r", "[    0.569318] ata1.00: ATA-7: QEMU HARDDISK, 2.5+, max UDMA/100\r", "[    0.569320] ata1.00: 83886080 sectors, multi 16: LBA48 NCQ (depth 32)\r", "[    0.569324] ata1.00: applying bridge limits\r", "[    0.569330] ata1.00: configured for UDMA/100\r", "[    0.569348] ata4: SATA link down (SStatus 0 SControl 300)\r", "[    0.569362] scsi 0:0:0:0: Direct-Access     ATA      QEMU HARDDISK    2.5+ PQ: 0 ANSI: 5\r", "[    0.569410] scsi 0:0:0:0: Attached scsi generic sg0 type 0\r", "[    0.569478] scsi 1:0:0:0: Direct-Access     ATA      QEMU HARDDISK    2.5+ PQ: 0 ANSI: 5\r", "[    0.569527] scsi 1:0:0:0: Attached scsi generic sg1 type 0\r", "[    0.569638] scsi 2:0:0:0: CD-ROM            QEMU     QEMU DVD-ROM     2.5+ PQ: 0 ANSI: 5\r", "[    0.569704] sd 0:0:0:0: [sda] 83886080 512-byte logical blocks: (42.9 GB/40.0 GiB)\r", "[    0.569710] sd 0:0:0:0: [sda] Write Protect is off\r", "[    0.569719] sd 0:0:0:0: [sda] Write cache: enabled, read cache: enabled, doesn't support DPO or FUA\r", "[    0.569791] sd 1:0:0:0: [sdb] 20 512-byte logical blocks: (10.2 kB/10.0 KiB)\r", "[    0.569797] sd 1:0:0:0: [sdb] Write Protect is off\r", "[    0.569810] sd 1:0:0:0: [sdb] Write cache: enabled, read cache: enabled, doesn't support DPO or FUA\r", "[    0.570250]  sda: sda1 sda14 sda15\r", "[    0.570307] sd 1:0:0:0: [sdb] Attached SCSI disk\r", "[    0.570483] sd 0:0:0:0: [sda] Attached SCSI disk\r", "[    0.583270] sr 2:0:0:0: [sr0] scsi3-mmc drive: 4x/4x cd/rw xa/form2 tray\r", "[    0.583272] cdrom: Uniform CD-ROM driver Revision: 3.20\r", "[    0.583433] sr 2:0:0:0: Attached scsi generic sg2 type 5\r", "[    0.585792] EXT4-fs (sda1): mounted filesystem with ordered data mode. Opts: (null)\r", "[    0.585798] VFS: Mounted root (ext4 filesystem) on device 8:1.\r", "[    0.585816] devtmpfs: mounted\r", "[    0.586608] Freeing unused kernel image memory: 1916K\r", "[    0.588266] Write protecting the kernel read-only data: 12288k\r", "[    0.589188] Freeing unused kernel image memory: 2032K\r", "[    0.589220] Freeing unused kernel image memory: 60K\r", "[    0.589222] rodata_test: all tests were successful\r", "[    0.589224] Run /home/ubuntu/guestinit.sh as init process\r", "+ export HOME=/root\r", "+ export LANG=en_US\r", "+ export PATH=/usr/local/sbin:/usr/local/bin:/usr/sbin:/usr/bin:/sbin:/bin:/usr/games:/usr/local/games\r", "+ modprobe i40e\r", "[    0.594416] i40e: Intel(R) Ethernet Connection XL710 Network Driver - version 2.8.20-k\r", "[    0.594419] i40e: Copyright (c) 2013 - 2019 Intel Corporation.\r", "[    0.594662] PCI Interrupt Link [GSIG] enabled at IRQ 22\r", "[    0.598026] i40e 0000:00:02.0: fw 0.0.00000 api 1.10 nvm 0.0.0 [8086:1583] [1af4:1100]\r", "[    0.598029] i40e 0000:00:02.0: The driver for the device detected a newer version of the NVM image v1.10 than expected v1.9. Please install the most recent version of the network driver.\r", "[    0.697856] i40e 0000:00:02.0: Stopping firmware LLDP agent.\r", "[    0.697971] i40e 0000:00:02.0: MAC address: 60:46:72:69:60:96\r", "[    0.698030] i40e 0000:00:02.0: FW LLDP is enabled\r", "[    0.699512] i40e 0000:00:02.0 eth0: NIC Link is Up, 40 Gbps Full Duplex, Flow Control: None\r", "[    0.779387] i40e 0000:00:02.0: PCI-Express: Speed UnknownGT/s Width xUnknown\r", "[    0.779390] i40e 0000:00:02.0: PCI-Express bandwidth available for this device may be insufficient for optimal performance.\r", "[    0.779394] i40e 0000:00:02.0: Please move the device to a different PCI-e link with more lanes and/or higher transfer rate.\r", "[    0.779623] i40e 0000:00:02.0: Features: PF-id[0] VSIs: 384 QP: 1 RSS VxLAN Geneve PTP VEPA\r", "+ ip link set dev eth0 up\r", "[    0.782399] i40e 0000:00:02.0: Error OK adding RX filters on PF, promiscuous mode forced on\r", "+ ip addr add 10.0.0.3/24 dev eth0\r", "+ /root/nopaxos/bench/replica -c /root/nopaxos.config -i 2 -m nopaxos\r", "20220512-044019-7944 00741 * BindToPort      (udptransport.cc:171): Binding to 10.0.0.3:12345\r", "20220512-044019-7944 00741 * RegisterInternal (udptransport.cc:291): Listening on UDP port 12345\r", "20220512-044019-7945 00741 * BindToPort      (udptransport.cc:171): Binding to 10.0.0.255:22222\r", "20220512-044019-7945 00741 * ListenOnMulticast (udptransport.cc:359): Listening for multicast requests on 10.0.0.255:22222\r", "[    1.259275] tsc: Refined TSC clocksource calibration: 999.999 MHz\r", "[    1.259277] clocksource: tsc: mask: 0xffffffffffffffff max_cycles: 0x1cd42c7a813, max_idle_ns: 881590565951 ns\r", "[    1.259281] clocksource: Switched to clocksource tsc\r"], "stderr": ["qemu-system-x86_64: -icount shift=-2,sleep=off: warning: time_shift=-2", "qemu-system-x86_64: warning: TCG doesn't support requested feature: CPUID.01H:ECX.fma [bit 12]", "qemu-system-x86_64: warning: TCG doesn't support requested feature: CPUID.01H:ECX.pcid [bit 17]", "qemu-system-x86_64: warning: TCG doesn't support requested feature: CPUID.01H:ECX.x2apic [bit 21]", "qemu-system-x86_64: warning: TCG doesn't support requested feature: CPUID.01H:ECX.tsc-deadline [bit 24]", "qemu-system-x86_64: warning: TCG doesn't support requested feature: CPUID.01H:ECX.avx [bit 28]", "qemu-system-x86_64: warning: TCG doesn't support requested feature: CPUID.01H:ECX.f16c [bit 29]", "qemu-system-x86_64: warning: TCG doesn't support requested feature: CPUID.07H:EBX.hle [bit 4]", "qemu-system-x86_64: warning: TCG doesn't support requested feature: CPUID.07H:EBX.avx2 [bit 5]", "qemu-system-x86_64: warning: TCG doesn't support requested feature: CPUID.07H:EBX.invpcid [bit 10]", "qemu-system-x86_64: warning: TCG doesn't support requested feature: CPUID.07H:EBX.rtm [bit 11]", "qemu-system-x86_64: warning: TCG doesn't support requested feature: CPUID.07H:EBX.avx512f [bit 16]", "qemu-system-x86_64: warning: TCG doesn't support requested feature: CPUID.07H:EBX.avx512dq [bit 17]", "qemu-system-x86_64: warning: TCG doesn't support requested feature: CPUID.07H:EBX.rdseed [bit 18]", "qemu-system-x86_64: warning: TCG doesn't support requested feature: CPUID.07H:EBX.avx512cd [bit 28]", "qemu-system-x86_64: warning: TCG doesn't support requested feature: CPUID.07H:EBX.avx512bw [bit 30]", "qemu-system-x86_64: warning: TCG doesn't support requested feature: CPUID.07H:EBX.avx512vl [bit 31]", "qemu-system-x86_64: warning: TCG doesn't support requested feature: CPUID.80000001H:ECX.3dnowprefetch [bit 8]", "qemu-system-x86_64: warning: TCG doesn't support requested feature: CPUID.0DH:EAX.xsavec [bit 1]"]}, "host.sequencer.0": {"class": "QemuHost", "cmd": ["/home/lijl/repos/simbricks/sims/external/qemu/build/x86_64-softmmu/qemu-system-x86_64", "-machine", "q35", "-serial", "mon:stdio", "-cpu", "Skylake-Server", "-display", "none", "-nic", "none", "-kernel", "/home/lijl/repos/simbricks/images/bzImage", "-drive", "file=/home/lijl/repos/simbricks/experiments/out/nopaxos-qt-ib-ehseq-1/1/hdcopy.sequencer.0,if=ide,index=0,media=disk", "-drive", "file=/home/lijl/repos/simbricks/experiments/out/nopaxos-qt-ib-ehseq-1/1/cfg.sequencer.0.tar,if=ide,index=1,media=disk,driver=raw", "-append", "earlyprintk=ttyS0 console=ttyS0 root=/dev/sda1 init=/home/ubuntu/guestinit.sh rw", "-m", "8192", "-smp", "1", "-icount", "shift=-2,sleep=off", "-device", "simbricks-pci,socket=/home/lijl/repos/simbricks/experiments/out/nopaxos-qt-ib-ehseq-1/1/dev.pci.sequencer.0.,sync=on,pci-latency=500,sync-period=200"], "stdout": ["early console in extract_kernel\r", "input_data: 0x00000000021082c8\r", "input_len: 0x00000000003dcb5e\r", "output: 0x0000000001000000\r", "output_len: 0x00000000014bfa98\r", "kernel_total_size: 0x0000000001226000\r", "needed_size: 0x0000000001600000\r", "trampoline_32bit: 0x000000000009d000\r", "\r", "Decompressing Linux... Parsing ELF... done.\r", "Booting the kernel.\r", "[    0.000000] Linux version 5.4.46 (lijl@nsl-node10) (gcc version 9.3.0 (Ubuntu 9.3.0-17ubuntu1~20.04)) #1 SMP Tue Jun 7 18:31:41 +08 2022\r", "[    0.000000] Command line: earlyprintk=ttyS0 console=ttyS0 root=/dev/sda1 init=/home/ubuntu/guestinit.sh rw\r", "[    0.000000] x86/fpu: Supporting XSAVE feature 0x001: 'x87 floating point registers'\r", "[    0.000000] x86/fpu: Supporting XSAVE feature 0x002: 'SSE registers'\r", "[    0.000000] x86/fpu: Supporting XSAVE feature 0x200: 'Protection Keys User registers'\r", "[    0.000000] x86/fpu: xstate_offset[9]: 2688, xstate_sizes[9]:    8\r", "[    0.000000] x86/fpu: Enabled xstate features 0x203, context size is 2696 bytes, using 'standard' format.\r", "[    0.000000] BIOS-provided physical RAM map:\r", "[    0.000000] BIOS-e820: [mem 0x0000000000000000-0x000000000009fbff] usable\r", "[    0.000000] BIOS-e820: [mem 0x000000000009fc00-0x000000000009ffff] reserved\r", "[    0.000000] BIOS-e820: [mem 0x00000000000f0000-0x00000000000fffff] reserved\r", "[    0.000000] BIOS-e820: [mem 0x0000000000100000-0x000000007ffddfff] usable\r", "[    0.000000] BIOS-e820: [mem 0x000000007ffde000-0x000000007fffffff] reserved\r", "[    0.000000] BIOS-e820: [mem 0x00000000b0000000-0x00000000bfffffff] reserved\r", "[    0.000000] BIOS-e820: [mem 0x00000000fed1c000-0x00000000fed1ffff] reserved\r", "[    0.000000] BIOS-e820: [mem 0x00000000fffc0000-0x00000000ffffffff] reserved\r", "[    0.000000] BIOS-e820: [mem 0x0000000100000000-0x000000027fffffff] usable\r", "[    0.000000] printk: bootconsole [earlyser0] enabled\r", "[    0.000000] NX (Execute Disable) protection: active\r", "[    0.000000] SMBIOS 2.8 present.\r", "[    0.000000] DMI: QEMU Standard PC (Q35 + ICH9, 2009), BIOS rel-1.14.0-0-g155821a1990b-prebuilt.qemu.org 04/01/2014\r", "[    0.000000] tsc: Fast TSC calibration failed\r", "[    0.000000] tsc: calibrated TSC: tsc_freq=0\r", "[    0.000000] last_pfn = 0x280000 max_arch_pfn = 0x400000000\r", "[    0.000000] x86/PAT: Configuration [0-7]: WB  WC  UC- UC  WB  WP  UC- WT  \r", "[    0.000000] last_pfn = 0x7ffde max_arch_pfn = 0x400000000\r", "[    0.000000] found SMP MP-table at [mem 0x000f5ab0-0x000f5abf]\r", "[    0.000000] Using GB pages for direct mapping\r", "[    0.000000] ACPI: Early table checksum verification disabled\r", "[    0.000000] ACPI: RSDP 0x00000000000F58C0 000014 (v00 BOCHS )\r", "[    0.000000] ACPI: RSDT 0x000000007FFE20CE 000038 (v01 BOCHS  BXPCRSDT 00000001 BXPC 00000001)\r", "[    0.000000] ACPI: FACP 0x000000007FFE1EC6 0000F4 (v03 BOCHS  BXPCFACP 00000001 BXPC 00000001)\r", "[    0.000000] ACPI: DSDT 0x000000007FFE0040 001E86 (v01 BOCHS  BXPCDSDT 00000001 BXPC 00000001)\r", "[    0.000000] ACPI: FACS 0x000000007FFE0000 000040\r", "[    0.000000] ACPI: APIC 0x000000007FFE1FBA 000078 (v01 BOCHS  BXPCAPIC 00000001 BXPC 00000001)\r", "[    0.000000] ACPI: HPET 0x000000007FFE2032 000038 (v01 BOCHS  BXPCHPET 00000001 BXPC 00000001)\r", "[    0.000000] ACPI: MCFG 0x000000007FFE206A 00003C (v01 BOCHS  BXPCMCFG 00000001 BXPC 00000001)\r", "[    0.000000] ACPI: WAET 0x000000007FFE20A6 000028 (v01 BOCHS  BXPCWAET 00000001 BXPC 00000001)\r", "[    0.000000] No NUMA configuration found\r", "[    0.000000] Faking a node at [mem 0x0000000000000000-0x000000027fffffff]\r", "[    0.000000] NODE_DATA(0) allocated [mem 0x27ffdc000-0x27fffdfff]\r", "[    0.000000] Zone ranges:\r", "[    0.000000]   DMA      [mem 0x0000000000001000-0x0000000000ffffff]\r", "[    0.000000]   DMA32    [mem 0x0000000001000000-0x00000000ffffffff]\r", "[    0.000000]   Normal   [mem 0x0000000100000000-0x000000027fffffff]\r", "[    0.000000] Movable zone start for each node\r", "[    0.000000] Early memory node ranges\r", "[    0.000000]   node   0: [mem 0x0000000000001000-0x000000000009efff]\r", "[    0.000000]   node   0: [mem 0x0000000000100000-0x000000007ffddfff]\r", "[    0.000000]   node   0: [mem 0x0000000100000000-0x000000027fffffff]\r", "[    0.000000] Zeroed struct page in unavailable ranges: 132 pages\r", "[    0.000000] Initmem setup node 0 [mem 0x0000000000001000-0x000000027fffffff]\r", "[    0.000000] ACPI: PM-Timer IO Port: 0x608\r", "[    0.000000] ACPI: LAPIC_NMI (acpi_id[0xff] dfl dfl lint[0x1])\r", "[    0.000000] IOAPIC[0]: apic_id 0, version 32, address 0xfec00000, GSI 0-23\r", "[    0.000000] ACPI: INT_SRC_OVR (bus 0 bus_irq 0 global_irq 2 dfl dfl)\r", "[    0.000000] ACPI: INT_SRC_OVR (bus 0 bus_irq 5 global_irq 5 high level)\r", "[    0.000000] ACPI: INT_SRC_OVR (bus 0 bus_irq 9 global_irq 9 high level)\r", "[    0.000000] ACPI: INT_SRC_OVR (bus 0 bus_irq 10 global_irq 10 high level)\r", "[    0.000000] ACPI: INT_SRC_OVR (bus 0 bus_irq 11 global_irq 11 high level)\r", "[    0.000000] Using ACPI (MADT) for SMP configuration information\r", "[    0.000000] ACPI: HPET id: 0x8086a201 base: 0xfed00000\r", "[    0.000000] smpboot: Allowing 1 CPUs, 0 hotplug CPUs\r", "[    0.000000] [mem 0xc0000000-0xfed1bfff] available for PCI devices\r", "[    0.000000] Booting paravirtualized kernel on bare hardware\r", "[    0.000000] clocksource: refined-jiffies: mask: 0xffffffff max_cycles: 0xffffffff, max_idle_ns: 1910969940391419 ns\r", "[    0.000000] setup_percpu: NR_CPUS:8192 nr_cpumask_bits:1 nr_cpu_ids:1 nr_node_ids:1\r", "[    0.000000] percpu: Embedded 49 pages/cpu s159768 r8192 d32744 u2097152\r", "[    0.000000] Built 1 zonelists, mobility grouping on.  Total pages: 2068327\r", "[    0.000000] Policy zone: Normal\r", "[    0.000000] Kernel command line: earlyprintk=ttyS0 console=ttyS0 root=/dev/sda1 init=/home/ubuntu/guestinit.sh rw\r", "[    0.000000] Dentry cache hash table entries: 1048576 (order: 11, 8388608 bytes, linear)\r", "[    0.000000] Inode-cache hash table entries: 524288 (order: 10, 4194304 bytes, linear)\r", "[    0.000000] mem auto-init: stack:off, heap alloc:off, heap free:off\r", "[    0.000000] Memory: 8176252K/8388080K available (8194K kernel code, 1286K rwdata, 1988K rodata, 1916K init, 1284K bss, 211828K reserved, 0K cma-reserved)\r", "[    0.000000] rcu: Hierarchical RCU implementation.\r", "[    0.000000] rcu: \tRCU restricting CPUs from NR_CPUS=8192 to nr_cpu_ids=1.\r", "[    0.000000] rcu: RCU calculated value of scheduler-enlistment delay is 100 jiffies.\r", "[    0.000000] rcu: Adjusting geometry for rcu_fanout_leaf=16, nr_cpu_ids=1\r", "[    0.000000] NR_IRQS: 524544, nr_irqs: 256, preallocated irqs: 16\r", "[    0.000000] random: crng done (trusting CPU's manufacturer)\r", "[    0.000000] Console: colour VGA+ 80x25\r", "[    0.000000] printk: console [ttyS0] enabled\r", "[    0.000000] printk: console [ttyS0] enabled\r", "[    0.000000] printk: bootconsole [earlyser0] disabled\r", "[    0.000000] printk: bootconsole [earlyser0] disabled\r", "[    0.000000] ACPI: Core revision 20190816\r", "[    0.000000] clocksource: hpet: mask: 0xffffffff max_cycles: 0xffffffff, max_idle_ns: 19112604467 ns\r", "[    0.000000] APIC: Switch to symmetric I/O mode setup\r", "[    0.000000] ..TIMER: vector=0x30 apic1=0 pin1=2 apic2=-1 pin2=-1\r", "[    0.007000] tsc: PIT calibration matches HPET. 1 loops\r", "[    0.007000] tsc: Detected 1000.000 MHz processor\r", "[    0.000000] clocksource: tsc-early: mask: 0xffffffffffffffff max_cycles: 0x1cd42e4dffb, max_idle_ns: 881590591483 ns\r", "[    0.000003] Calibrating delay loop (skipped), value calculated using timer frequency.. 2000.00 BogoMIPS (lpj=1000000)\r", "[    0.000007] pid_max: default: 32768 minimum: 301\r", "[    0.000056] Mount-cache hash table entries: 16384 (order: 5, 131072 bytes, linear)\r", "[    0.000064] Mountpoint-cache hash table entries: 16384 (order: 5, 131072 bytes, linear)\r", "[    0.000155] Last level iTLB entries: 4KB 0, 2MB 0, 4MB 0\r", "[    0.000157] Last level dTLB entries: 4KB 0, 2MB 0, 4MB 0, 1GB 0\r", "[    0.000159] Spectre V1 : Mitigation: usercopy/swapgs barriers and __user pointer sanitization\r", "[    0.000162] Spectre V2 : Spectre mitigation: kernel not compiled with retpoline; no mitigation available!\r", "[    0.000163] Speculative Store Bypass: Vulnerable\r", "[    0.000167] MDS: Vulnerable: Clear CPU buffers attempted, no microcode\r", "[    0.000565] Freeing SMP alternatives memory: 12K\r", "[    0.204602]  calibrated lapic_timer_period=1000000\r", "[    0.204604] smpboot: CPU0: Intel Xeon Processor (Skylake) (family: 0x6, model: 0x55, stepping: 0x4)\r", "[    0.204704] Performance Events: unsupported p6 CPU model 85 no PMU driver, software events only.\r", "[    0.204728] rcu: Hierarchical SRCU implementation.\r", "[    0.204770] smp: Bringing up secondary CPUs ...\r", "[    0.204772] smp: Brought up 1 node, 1 CPU\r", "[    0.204774] smpboot: Max logical packages: 1\r", "[    0.204775] smpboot: Total of 1 processors activated (2000.00 BogoMIPS)\r", "[    0.204985] devtmpfs: initialized\r", "[    0.205003] clocksource: jiffies: mask: 0xffffffff max_cycles: 0xffffffff, max_idle_ns: 1911260446275000 ns\r", "[    0.205003] futex hash table entries: 256 (order: 2, 16384 bytes, linear)\r", "[    0.205003] \r", "[    0.205003] *************************************************************\r", "[    0.205003] **     NOTICE NOTICE NOTICE NOTICE NOTICE NOTICE NOTICE    **\r", "[    0.205003] **                                                         **\r", "[    0.205003] **  IOMMU DebugFS SUPPORT HAS BEEN ENABLED IN THIS KERNEL  **\r", "[    0.205003] **                                                         **\r", "[    0.205003] ** This means that this kernel is built to expose internal **\r", "[    0.205003] ** IOMMU data structures, which may compromise security on **\r", "[    0.205003] ** your system.                                            **\r", "[    0.205003] **                                                         **\r", "[    0.205003] ** If you see this message and you are not debugging the   **\r", "[    0.205003] ** kernel, report this immediately to your vendor!         **\r", "[    0.205003] **                                                         **\r", "[    0.205003] **     NOTICE NOTICE NOTICE NOTICE NOTICE NOTICE NOTICE    **\r", "[    0.205003] *************************************************************\r", "[    0.205003] NET: Registered protocol family 16\r", "[    0.205003] audit: initializing netlink subsys (disabled)\r", "[    0.205003] cpuidle: using governor ladder\r", "[    0.205003] ACPI: bus type PCI registered\r", "[    0.205003] acpiphp: ACPI Hot Plug PCI Controller Driver version: 0.5\r", "[    0.205003] PCI: MMCONFIG for domain 0000 [bus 00-ff] at [mem 0xb0000000-0xbfffffff] (base 0xb0000000)\r", "[    0.205003] PCI: MMCONFIG at [mem 0xb0000000-0xbfffffff] reserved in E820\r", "[    0.205003] PCI: Using configuration type 1 for base access\r", "[    0.208007] audit: type=2000 audit(1655008819.211:1): state=initialized audit_enabled=0 res=1\r", "[    0.209041] HugeTLB registered 1.00 GiB page size, pre-allocated 0 pages\r", "[    0.209043] HugeTLB registered 2.00 MiB page size, pre-allocated 0 pages\r", "[    0.209565] ACPI: Added _OSI(Module Device)\r", "[    0.209566] ACPI: Added _OSI(Processor Device)\r", "[    0.209568] ACPI: Added _OSI(3.0 _SCP Extensions)\r", "[    0.209570] ACPI: Added _OSI(Processor Aggregator Device)\r", "[    0.209572] ACPI: Added _OSI(Linux-Dell-Video)\r", "[    0.209574] ACPI: Added _OSI(Linux-Lenovo-NV-HDMI-Audio)\r", "[    0.209576] ACPI: Added _OSI(Linux-HPI-Hybrid-Graphics)\r", "[    0.211091] ACPI: 1 ACPI AML tables successfully acquired and loaded\r", "[    0.211524] ACPI: Interpreter enabled\r", "[    0.211527] ACPI: (supports S0 S5)\r", "[    0.211529] ACPI: Using IOAPIC for interrupt routing\r", "[    0.211544] PCI: Using host bridge windows from ACPI; if necessary, use \"pci=nocrs\" and report a bug\r", "[    0.211628] ACPI: Enabled 1 GPEs in block 00 to 3F\r", "[    0.213152] ACPI: PCI Root Bridge [PCI0] (domain 0000 [bus 00-ff])\r", "[    0.213156] acpi PNP0A08:00: _OSC: OS supports [ExtendedConfig ASPM ClockPM Segments MSI HPX-Type3]\r", "[    0.213241] acpi PNP0A08:00: _OSC: platform does not support [LTR]\r", "[    0.213322] acpi PNP0A08:00: _OSC: OS now controls [PCIeHotplug PME AER PCIeCapability]\r", "[    0.213369] PCI host bridge to bus 0000:00\r", "[    0.213371] pci_bus 0000:00: root bus resource [io  0x0000-0x0cf7 window]\r", "[    0.213374] pci_bus 0000:00: root bus resource [io  0x0d00-0xffff window]\r", "[    0.213377] pci_bus 0000:00: root bus resource [mem 0x000a0000-0x000bffff window]\r", "[    0.213380] pci_bus 0000:00: root bus resource [mem 0x80000000-0xafffffff window]\r", "[    0.213383] pci_bus 0000:00: root bus resource [mem 0xc0000000-0xfebfffff window]\r", "[    0.213386] pci_bus 0000:00: root bus resource [mem 0x280000000-0xa7fffffff window]\r", "[    0.213389] pci_bus 0000:00: root bus resource [bus 00-ff]\r", "[    0.213396] pci 0000:00:00.0: [8086:29c0] type 00 class 0x060000\r", "[    0.213431] pci 0000:00:01.0: [1234:1111] type 00 class 0x030000\r", "[    0.213434] pci 0000:00:01.0: reg 0x10: [mem 0xfd000000-0xfdffffff pref]\r", "[    0.213438] pci 0000:00:01.0: reg 0x18: [mem 0xfe818000-0xfe818fff]\r", "[    0.213442] pci 0000:00:01.0: reg 0x30: [mem 0xfe800000-0xfe80ffff pref]\r", "[    0.213475] pci 0000:00:02.0: [8086:1583] type 00 class 0x020000\r", "[    0.213479] pci 0000:00:02.0: reg 0x10: [mem 0xfe400000-0xfe7fffff 64bit]\r", "[    0.213482] pci 0000:00:02.0: reg 0x18: [io  0xc040-0xc05f]\r", "[    0.213485] pci 0000:00:02.0: reg 0x1c: [mem 0xfe810000-0xfe817fff 64bit]\r", "[    0.213523] pci 0000:00:1f.0: [8086:2918] type 00 class 0x060100\r", "[    0.213530] pci 0000:00:1f.0: quirk: [io  0x0600-0x067f] claimed by ICH6 ACPI/GPIO/TCO\r", "[    0.213563] pci 0000:00:1f.2: [8086:2922] type 00 class 0x010601\r", "[    0.213567] pci 0000:00:1f.2: reg 0x20: [io  0xc060-0xc07f]\r", "[    0.213570] pci 0000:00:1f.2: reg 0x24: [mem 0xfe819000-0xfe819fff]\r", "[    0.213602] pci 0000:00:1f.3: [8086:2930] type 00 class 0x0c0500\r", "[    0.213606] pci 0000:00:1f.3: reg 0x20: [io  0x0700-0x073f]\r", "[    0.213784] ACPI: PCI Interrupt Link [LNKA] (IRQs 5 *10 11)\r", "[    0.213833] ACPI: PCI Interrupt Link [LNKB] (IRQs 5 *10 11)\r", "[    0.213882] ACPI: PCI Interrupt Link [LNKC] (IRQs 5 10 *11)\r", "[    0.213931] ACPI: PCI Interrupt Link [LNKD] (IRQs 5 10 *11)\r", "[    0.213980] ACPI: PCI Interrupt Link [LNKE] (IRQs 5 *10 11)\r", "[    0.214030] ACPI: PCI Interrupt Link [LNKF] (IRQs 5 *10 11)\r", "[    0.214079] ACPI: PCI Interrupt Link [LNKG] (IRQs 5 10 *11)\r", "[    0.214127] ACPI: PCI Interrupt Link [LNKH] (IRQs 5 10 *11)\r", "[    0.214143] ACPI: PCI Interrupt Link [GSIA] (IRQs *16)\r", "[    0.214154] ACPI: PCI Interrupt Link [GSIB] (IRQs *17)\r", "[    0.214166] ACPI: PCI Interrupt Link [GSIC] (IRQs *18)\r", "[    0.214177] ACPI: PCI Interrupt Link [GSID] (IRQs *19)\r", "[    0.214188] ACPI: PCI Interrupt Link [GSIE] (IRQs *20)\r", "[    0.214199] ACPI: PCI Interrupt Link [GSIF] (IRQs *21)\r", "[    0.214211] ACPI: PCI Interrupt Link [GSIG] (IRQs *22)\r", "[    0.214222] ACPI: PCI Interrupt Link [GSIH] (IRQs *23)\r", "[    0.214286] iommu: Default domain type: Translated \r", "[    0.215270] pci 0000:00:01.0: vgaarb: setting as boot VGA device\r", "[    0.215273] pci 0000:00:01.0: vgaarb: VGA device added: decodes=io+mem,owns=io+mem,locks=none\r", "[    0.215276] pci 0000:00:01.0: vgaarb: bridge control possible\r", "[    0.215278] vgaarb: loaded\r", "[    0.215332] SCSI subsystem initialized\r", "[    0.215429] pps_core: LinuxPPS API ver. 1 registered\r", "[    0.215431] pps_core: Software ver. 5.3.6 - Copyright 2005-2007 Rodolfo Giometti <giometti@linux.it>\r", "[    0.215437] PTP clock support registered\r", "[    0.215442] PCI: Using ACPI for IRQ routing\r", "[    0.215740] hpet0: at MMIO 0xfed00000, IRQs 2, 8, 0\r", "[    0.215743] hpet0: 3 comparators, 64-bit 100.000000 MHz counter\r", "[    0.217257] clocksource: Switched to clocksource tsc-early\r", "[    0.223797] VFS: Disk quotas dquot_6.6.0\r", "[    0.223810] VFS: Dquot-cache hash table entries: 512 (order 0, 4096 bytes)\r", "[    0.223850] pnp: PnP ACPI init\r", "[    0.224094] pnp: PnP ACPI: found 5 devices\r", "[    0.225871] thermal_sys: Registered thermal governor 'step_wise'\r", "[    0.225872] thermal_sys: Registered thermal governor 'user_space'\r", "[    0.230380] clocksource: acpi_pm: mask: 0xffffff max_cycles: 0xffffff, max_idle_ns: 2085701024 ns\r", "[    0.230385] pci_bus 0000:00: resource 4 [io  0x0000-0x0cf7 window]\r", "[    0.230388] pci_bus 0000:00: resource 5 [io  0x0d00-0xffff window]\r", "[    0.230391] pci_bus 0000:00: resource 6 [mem 0x000a0000-0x000bffff window]\r", "[    0.230394] pci_bus 0000:00: resource 7 [mem 0x80000000-0xafffffff window]\r", "[    0.230397] pci_bus 0000:00: resource 8 [mem 0xc0000000-0xfebfffff window]\r", "[    0.230400] pci_bus 0000:00: resource 9 [mem 0x280000000-0xa7fffffff window]\r", "[    0.230430] NET: Registered protocol family 2\r", "[    0.230510] tcp_listen_portaddr_hash hash table entries: 4096 (order: 4, 65536 bytes, linear)\r", "[    0.230526] TCP established hash table entries: 65536 (order: 7, 524288 bytes, linear)\r", "[    0.230662] TCP bind hash table entries: 65536 (order: 8, 1048576 bytes, linear)\r", "[    0.230828] TCP: Hash tables configured (established 65536 bind 65536)\r", "[    0.230869] UDP hash table entries: 4096 (order: 5, 131072 bytes, linear)\r", "[    0.230894] UDP-Lite hash table entries: 4096 (order: 5, 131072 bytes, linear)\r", "[    0.230948] NET: Registered protocol family 1\r", "[    0.230955] pci 0000:00:01.0: Video device with shadowed ROM at [mem 0x000c0000-0x000dffff]\r", "[    0.230963] PCI: CLS 0 bytes, default 64\r", "[    0.231364] PCI-DMA: Using software bounce buffering for IO (SWIOTLB)\r", "[    0.231367] software IO TLB: mapped [mem 0x7bfde000-0x7ffde000] (64MB)\r", "[    0.231734] workingset: timestamp_bits=52 max_order=21 bucket_order=0\r", "[    0.231870] fuse: init (API version 7.31)\r", "[    0.234211] Block layer SCSI generic (bsg) driver version 0.4 loaded (major 252)\r", "[    0.234213] io scheduler mq-deadline registered\r", "[    0.234214] io scheduler kyber registered\r", "[    0.234777] acpiphp_ibm: ibm_acpiphp_init: acpi_walk_namespace failed\r", "[    0.234911] Serial: 8250/16550 driver, 4 ports, IRQ sharing disabled\r", "[    0.254934] 00:03: ttyS0 at I/O 0x3f8 (irq = 4, base_baud = 115200) is a 16550A\r", "[    0.255247] Linux agpgart interface v0.103\r", "[    0.257228] brd: module loaded\r", "[    0.258714] loop: module loaded\r", "[    0.258749] Loading iSCSI transport class v2.0-870.\r", "[    0.259369] PCI Interrupt Link [GSIA] enabled at IRQ 16\r", "[    0.259420] ahci 0000:00:1f.2: AHCI 0001.0000 32 slots 6 ports 1.5 Gbps 0x3f impl SATA mode\r", "[    0.259423] ahci 0000:00:1f.2: flags: 64bit ncq only \r", "[    0.260284] scsi host0: ahci\r", "[    0.260367] scsi host1: ahci\r", "[    0.260450] scsi host2: ahci\r", "[    0.260535] scsi host3: ahci\r", "[    0.260623] scsi host4: ahci\r", "[    0.260711] scsi host5: ahci\r", "[    0.260750] ata1: SATA max UDMA/133 abar m4096@0xfe819000 port 0xfe819100 irq 24\r", "[    0.260752] ata2: SATA max UDMA/133 abar m4096@0xfe819000 port 0xfe819180 irq 24\r", "[    0.260755] ata3: SATA max UDMA/133 abar m4096@0xfe819000 port 0xfe819200 irq 24\r", "[    0.260758] ata4: SATA max UDMA/133 abar m4096@0xfe819000 port 0xfe819280 irq 24\r", "[    0.260760] ata5: SATA max UDMA/133 abar m4096@0xfe819000 port 0xfe819300 irq 24\r", "[    0.260763] ata6: SATA max UDMA/133 abar m4096@0xfe819000 port 0xfe819380 irq 24\r", "[    0.260820] Ethernet Channel Bonding Driver: v3.7.1 (April 27, 2011)\r", "[    0.261211] tun: Universal TUN/TAP device driver, 1.6\r", "[    0.261255] VFIO - User Level meta-driver version: 0.3\r", "[    0.261355] i8042: PNP: PS/2 Controller [PNP0303:KBD,PNP0f13:MOU] at 0x60,0x64 irq 1,12\r", "[    0.261524] serio: i8042 KBD port at 0x60,0x64 irq 1\r", "[    0.261527] serio: i8042 AUX port at 0x60,0x64 irq 12\r", "[    0.261564] mousedev: PS/2 mouse device common for all mice\r", "[    0.261759] NET: Registered protocol family 17\r", "[    0.261815] input: AT Translated Set 2 keyboard as /devices/platform/i8042/serio0/input/input0\r", "[    0.261888] IPI shorthand broadcast: enabled\r", "[    0.261893] sched_clock: Marking stable (268254697, -6996482)->(160598629, 100659586)\r", "[    0.569265] ata2: SATA link up 1.5 Gbps (SStatus 113 SControl 300)\r", "[    0.569270] ata2.00: ATA-7: QEMU HARDDISK, 2.5+, max UDMA/100\r", "[    0.569273] ata2.00: 20 sectors, multi 16: LBA48 NCQ (depth 32)\r", "[    0.569276] ata2.00: applying bridge limits\r", "[    0.569283] ata2.00: configured for UDMA/100\r", "[    0.569286] ata3: SATA link up 1.5 Gbps (SStatus 113 SControl 300)\r", "[    0.569291] ata3.00: ATAPI: QEMU DVD-ROM, 2.5+, max UDMA/100\r", "[    0.569294] ata3.00: applying bridge limits\r", "[    0.569300] ata3.00: configured for UDMA/100\r", "[    0.569305] ata5: SATA link down (SStatus 0 SControl 300)\r", "[    0.569309] ata6: SATA link down (SStatus 0 SControl 300)\r", "[    0.569313] ata1: SATA link up 1.5 Gbps (SStatus 113 SControl 300)\r", "[    0.569318] ata1.00: ATA-7: QEMU HARDDISK, 2.5+, max UDMA/100\r", "[    0.569320] ata1.00: 83886080 sectors, multi 16: LBA48 NCQ (depth 32)\r", "[    0.569324] ata1.00: applying bridge limits\r", "[    0.569330] ata1.00: configured for UDMA/100\r", "[    0.569348] ata4: SATA link down (SStatus 0 SControl 300)\r", "[    0.569362] scsi 0:0:0:0: Direct-Access     ATA      QEMU HARDDISK    2.5+ PQ: 0 ANSI: 5\r", "[    0.569410] scsi 0:0:0:0: Attached scsi generic sg0 type 0\r", "[    0.569478] scsi 1:0:0:0: Direct-Access     ATA      QEMU HARDDISK    2.5+ PQ: 0 ANSI: 5\r", "[    0.569527] scsi 1:0:0:0: Attached scsi generic sg1 type 0\r", "[    0.569638] scsi 2:0:0:0: CD-ROM            QEMU     QEMU DVD-ROM     2.5+ PQ: 0 ANSI: 5\r", "[    0.569704] sd 0:0:0:0: [sda] 83886080 512-byte logical blocks: (42.9 GB/40.0 GiB)\r", "[    0.569710] sd 0:0:0:0: [sda] Write Protect is off\r", "[    0.569719] sd 0:0:0:0: [sda] Write cache: enabled, read cache: enabled, doesn't support DPO or FUA\r", "[    0.569791] sd 1:0:0:0: [sdb] 20 512-byte logical blocks: (10.2 kB/10.0 KiB)\r", "[    0.569797] sd 1:0:0:0: [sdb] Write Protect is off\r", "[    0.569810] sd 1:0:0:0: [sdb] Write cache: enabled, read cache: enabled, doesn't support DPO or FUA\r", "[    0.570253]  sda: sda1 sda14 sda15\r", "[    0.570307] sd 1:0:0:0: [sdb] Attached SCSI disk\r", "[    0.570483] sd 0:0:0:0: [sda] Attached SCSI disk\r", "[    0.583270] sr 2:0:0:0: [sr0] scsi3-mmc drive: 4x/4x cd/rw xa/form2 tray\r", "[    0.583272] cdrom: Uniform CD-ROM driver Revision: 3.20\r", "[    0.583433] sr 2:0:0:0: Attached scsi generic sg2 type 5\r", "[    0.585795] EXT4-fs (sda1): mounted filesystem with ordered data mode. Opts: (null)\r", "[    0.585801] VFS: Mounted root (ext4 filesystem) on device 8:1.\r", "[    0.585818] devtmpfs: mounted\r", "[    0.586611] Freeing unused kernel image memory: 1916K\r", "[    0.588266] Write protecting the kernel read-only data: 12288k\r", "[    0.589188] Freeing unused kernel image memory: 2032K\r", "[    0.589220] Freeing unused kernel image memory: 60K\r", "[    0.589222] rodata_test: all tests were successful\r", "[    0.589224] Run /home/ubuntu/guestinit.sh as init process\r", "+ export HOME=/root\r", "+ export LANG=en_US\r", "+ export PATH=/usr/local/sbin:/usr/local/bin:/usr/sbin:/usr/bin:/sbin:/bin:/usr/games:/usr/local/games\r", "+ modprobe i40e\r", "[    0.594420] i40e: Intel(R) Ethernet Connection XL710 Network Driver - version 2.8.20-k\r", "[    0.594423] i40e: Copyright (c) 2013 - 2019 Intel Corporation.\r", "[    0.594666] PCI Interrupt Link [GSIG] enabled at IRQ 22\r", "[    0.598031] i40e 0000:00:02.0: fw 0.0.00000 api 1.10 nvm 0.0.0 [8086:1583] [1af4:1100]\r", "[    0.598034] i40e 0000:00:02.0: The driver for the device detected a newer version of the NVM image v1.10 than expected v1.9. Please install the most recent version of the network driver.\r", "[    0.697859] i40e 0000:00:02.0: Stopping firmware LLDP agent.\r", "[    0.697974] i40e 0000:00:02.0: MAC address: 68:6a:9a:47:a2:24\r", "[    0.698033] i40e 0000:00:02.0: FW LLDP is enabled\r", "[    0.699515] i40e 0000:00:02.0 eth0: NIC Link is Up, 40 Gbps Full Duplex, Flow Control: None\r", "[    0.779387] i40e 0000:00:02.0: PCI-Express: Speed UnknownGT/s Width xUnknown\r", "[    0.779390] i40e 0000:00:02.0: PCI-Express bandwidth available for this device may be insufficient for optimal performance.\r", "[    0.779394] i40e 0000:00:02.0: Please move the device to a different PCI-e link with more lanes and/or higher transfer rate.\r", "[    0.779623] i40e 0000:00:02.0: Features: PF-id[0] VSIs: 384 QP: 1 RSS VxLAN Geneve PTP VEPA\r", "+ ip link set dev eth0 up\r", "[    0.782399] i40e 0000:00:02.0: Error OK adding RX filters on PF, promiscuous mode forced on\r", "+ ip addr add 10.0.0.100/24 dev eth0\r", "+ /root/nopaxos/sequencer/sequencer -c /root/nopaxos.config -m nopaxos\r", "20220512-044019-7921 00741 * BindToPort      (udptransport.cc:171): Binding to 10.0.0.100:12345\r", "20220512-044019-7921 00741 * RegisterInternal (udptransport.cc:291): Listening on UDP port 12345\r", "[    1.259275] tsc: Refined TSC clocksource calibration: 999.999 MHz\r", "[    1.259277] clocksource: tsc: mask: 0xffffffffffffffff max_cycles: 0x1cd42c7a813, max_idle_ns: 881590565951 ns\r", "[    1.259281] clocksource: Switched to clocksource tsc\r"], "stderr": ["qemu-system-x86_64: -icount shift=-2,sleep=off: warning: time_shift=-2", "qemu-system-x86_64: warning: TCG doesn't support requested feature: CPUID.01H:ECX.fma [bit 12]", "qemu-system-x86_64: warning: TCG doesn't support requested feature: CPUID.01H:ECX.pcid [bit 17]", "qemu-system-x86_64: warning: TCG doesn't support requested feature: CPUID.01H:ECX.x2apic [bit 21]", "qemu-system-x86_64: warning: TCG doesn't support requested feature: CPUID.01H:ECX.tsc-deadline [bit 24]", "qemu-system-x86_64: warning: TCG doesn't support requested feature: CPUID.01H:ECX.avx [bit 28]", "qemu-system-x86_64: warning: TCG doesn't support requested feature: CPUID.01H:ECX.f16c [bit 29]", "qemu-system-x86_64: warning: TCG doesn't support requested feature: CPUID.07H:EBX.hle [bit 4]", "qemu-system-x86_64: warning: TCG doesn't support requested feature: CPUID.07H:EBX.avx2 [bit 5]", "qemu-system-x86_64: warning: TCG doesn't support requested feature: CPUID.07H:EBX.invpcid [bit 10]", "qemu-system-x86_64: warning: TCG doesn't support requested feature: CPUID.07H:EBX.rtm [bit 11]", "qemu-system-x86_64: warning: TCG doesn't support requested feature: CPUID.07H:EBX.avx512f [bit 16]", "qemu-system-x86_64: warning: TCG doesn't support requested feature: CPUID.07H:EBX.avx512dq [bit 17]", "qemu-system-x86_64: warning: TCG doesn't support requested feature: CPUID.07H:EBX.rdseed [bit 18]", "qemu-system-x86_64: warning: TCG doesn't support requested feature: CPUID.07H:EBX.avx512cd [bit 28]", "qemu-system-x86_64: warning: TCG doesn't support requested feature: CPUID.07H:EBX.avx512bw [bit 30]", "qemu-system-x86_64: warning: TCG doesn't support requested feature: CPUID.07H:EBX.avx512vl [bit 31]", "qemu-system-x86_64: warning: TCG doesn't support requested feature: CPUID.80000001H:ECX.3dnowprefetch [bit 8]", "qemu-system-x86_64: warning: TCG doesn't support requested feature: CPUID.0DH:EAX.xsavec [bit 1]"]}, "host.client.0": {"class": "QemuHost", "cmd": ["/home/lijl/repos/simbricks/sims/external/qemu/build/x86_64-softmmu/qemu-system-x86_64", "-machine", "q35", "-serial", "mon:stdio", "-cpu", "Skylake-Server", "-display", "none", "-nic", "none", "-kernel", "/home/lijl/repos/simbricks/images/bzImage", "-drive", "file=/home/lijl/repos/simbricks/experiments/out/nopaxos-qt-ib-ehseq-1/1/hdcopy.client.0,if=ide,index=0,media=disk", "-drive", "file=/home/lijl/repos/simbricks/experiments/out/nopaxos-qt-ib-ehseq-1/1/cfg.client.0.tar,if=ide,index=1,media=disk,driver=raw", "-append", "earlyprintk=ttyS0 console=ttyS0 root=/dev/sda1 init=/home/ubuntu/guestinit.sh rw", "-m", "8192", "-smp", "1", "-icount", "shift=-2,sleep=off", "-device", "simbricks-pci,socket=/home/lijl/repos/simbricks/experiments/out/nopaxos-qt-ib-ehseq-1/1/dev.pci.client.0.,sync=on,pci-latency=500,sync-period=200"], "stdout": ["early console in extract_kernel\r", "input_data: 0x00000000021082c8\r", "input_len: 0x00000000003dcb5e\r", "output: 0x0000000001000000\r", "output_len: 0x00000000014bfa98\r", "kernel_total_size: 0x0000000001226000\r", "needed_size: 0x0000000001600000\r", "trampoline_32bit: 0x000000000009d000\r", "\r", "Decompressing Linux... Parsing ELF... done.\r", "Booting the kernel.\r", "[    0.000000] Linux version 5.4.46 (lijl@nsl-node10) (gcc version 9.3.0 (Ubuntu 9.3.0-17ubuntu1~20.04)) #1 SMP Tue Jun 7 18:31:41 +08 2022\r", "[    0.000000] Command line: earlyprintk=ttyS0 console=ttyS0 root=/dev/sda1 init=/home/ubuntu/guestinit.sh rw\r", "[    0.000000] x86/fpu: Supporting XSAVE feature 0x001: 'x87 floating point registers'\r", "[    0.000000] x86/fpu: Supporting XSAVE feature 0x002: 'SSE registers'\r", "[    0.000000] x86/fpu: Supporting XSAVE feature 0x200: 'Protection Keys User registers'\r", "[    0.000000] x86/fpu: xstate_offset[9]: 2688, xstate_sizes[9]:    8\r", "[    0.000000] x86/fpu: Enabled xstate features 0x203, context size is 2696 bytes, using 'standard' format.\r", "[    0.000000] BIOS-provided physical RAM map:\r", "[    0.000000] BIOS-e820: [mem 0x0000000000000000-0x000000000009fbff] usable\r", "[    0.000000] BIOS-e820: [mem 0x000000000009fc00-0x000000000009ffff] reserved\r", "[    0.000000] BIOS-e820: [mem 0x00000000000f0000-0x00000000000fffff] reserved\r", "[    0.000000] BIOS-e820: [mem 0x0000000000100000-0x000000007ffddfff] usable\r", "[    0.000000] BIOS-e820: [mem 0x000000007ffde000-0x000000007fffffff] reserved\r", "[    0.000000] BIOS-e820: [mem 0x00000000b0000000-0x00000000bfffffff] reserved\r", "[    0.000000] BIOS-e820: [mem 0x00000000fed1c000-0x00000000fed1ffff] reserved\r", "[    0.000000] BIOS-e820: [mem 0x00000000fffc0000-0x00000000ffffffff] reserved\r", "[    0.000000] BIOS-e820: [mem 0x0000000100000000-0x000000027fffffff] usable\r", "[    0.000000] printk: bootconsole [earlyser0] enabled\r", "[    0.000000] NX (Execute Disable) protection: active\r", "[    0.000000] SMBIOS 2.8 present.\r", "[    0.000000] DMI: QEMU Standard PC (Q35 + ICH9, 2009), BIOS rel-1.14.0-0-g155821a1990b-prebuilt.qemu.org 04/01/2014\r", "[    0.000000] tsc: Fast TSC calibration failed\r", "[    0.000000] tsc: calibrated TSC: tsc_freq=0\r", "[    0.000000] last_pfn = 0x280000 max_arch_pfn = 0x400000000\r", "[    0.000000] x86/PAT: Configuration [0-7]: WB  WC  UC- UC  WB  WP  UC- WT  \r", "[    0.000000] last_pfn = 0x7ffde max_arch_pfn = 0x400000000\r", "[    0.000000] found SMP MP-table at [mem 0x000f5ab0-0x000f5abf]\r", "[    0.000000] Using GB pages for direct mapping\r", "[    0.000000] ACPI: Early table checksum verification disabled\r", "[    0.000000] ACPI: RSDP 0x00000000000F58C0 000014 (v00 BOCHS )\r", "[    0.000000] ACPI: RSDT 0x000000007FFE20CE 000038 (v01 BOCHS  BXPCRSDT 00000001 BXPC 00000001)\r", "[    0.000000] ACPI: FACP 0x000000007FFE1EC6 0000F4 (v03 BOCHS  BXPCFACP 00000001 BXPC 00000001)\r", "[    0.000000] ACPI: DSDT 0x000000007FFE0040 001E86 (v01 BOCHS  BXPCDSDT 00000001 BXPC 00000001)\r", "[    0.000000] ACPI: FACS 0x000000007FFE0000 000040\r", "[    0.000000] ACPI: APIC 0x000000007FFE1FBA 000078 (v01 BOCHS  BXPCAPIC 00000001 BXPC 00000001)\r", "[    0.000000] ACPI: HPET 0x000000007FFE2032 000038 (v01 BOCHS  BXPCHPET 00000001 BXPC 00000001)\r", "[    0.000000] ACPI: MCF